
Manifest Refreshed.
Starting Sequence
Initial info already sent
Sending Today Stats
Getting manifest from server
Processing manifest
Creating list
Fetching feed for Hashtags
Fetching hashtag feed : rawsilk - Wait :  5 - Count : 81 of 20
Fetching hashtag feed : chickenkurta - Wait :  8 - Count : 73 of 20
Fetching hashtag feed : karachifashion - Wait :  9 - Count : 58 of 20
Fetching hashtag feed : lahorefashion - Wait :  8 - Count : 87 of 20
Fetching hashtag feed : luxurywear - Wait :  6 - Count : 75 of 20
Fetching hashtag feed : weddingwear - Wait :  7 - Count : 78 of 20
Fetching hashtag feed : mirrorkurta - Wait :  6 - Count : 22 of 20
Fetching hashtag feed : formalwear - Wait :  7 - Count : 78 of 20
Fetching hashtag feed : purerawsilk - Wait :  9 - Count : 42 of 20
Fetching hashtag feed : organza - Wait :  8 - Count : 72 of 20
Fetching hashtag feed : chikankari - Wait :  7 - Count : 70 of 20
Fetching hashtag feed : chikankurta - Wait :  8 - Count : 41 of 20
Hashtags feed done : 137.894793
Fetching feed for Locations
Fetching location : lahore - Wait :  7 - Count : 19 of 30
Fetching location : lahore - Wait :  7 - Count : 46 of 30
Fetching location :  karachi - Wait :  6 - Count : 25 of 30
Fetching location :  karachi - Wait :  9 - Count : 51 of 30
Fetching location :  islamabad - Wait :  7 - Count : 24 of 30
Fetching location :  islamabad - Wait :  5 - Count : 50 of 30
Fetching location :  dubai - Wait :  6 - Count : 18 of 30
Fetching location :  dubai - Wait :  5 - Count : 40 of 30
Fetching location :  faisalabad - Wait :  5 - Count : 23 of 30
Fetching location :  faisalabad - Wait :  5 - Count : 47 of 30
Fetching location :  australia - Wait :  9 - Count : 17 of 30
Fetching location :  australia - Wait :  5 - Count : 30 of 30
Fetching location :  visitabudhabi - Wait :  5 - Count : 0 of 30
Fetching location :  visitabudhabi - Wait :  5 - Count : 0 of 30
Fetching location :  visitabudhabi - Wait :  5 - Count : 0 of 30
Fetching location :  visitabudhabi - Wait :  6 - Count : 0 of 30
Fetching location :  pakistan - Wait :  7 - Count : 19 of 30
Fetching location :  pakistan - Wait :  6 - Count : 46 of 30
Locations feed done : 146.534525
Fetching feed for Competitors
Fetching user : zonashahamofficial - Wait :  5 - Count :  17 of 39
Fetching user :  zainabjibran - Wait :  8 - Count :  12 of 39
Fetching user :  jade_by_mae - Wait :  7 - Count :  1 of 39
Fetching user :  zainabchottaniofficial - Wait :  7 - Count :  31 of 39
Fetching user :  faridahasanonline - Wait :  8 - Count :  26 of 39
Fetching user :  sairahabib - Wait :  7 - Count :  11 of 39
Competitors feed done : 243.684685
Fetching Feed of Suggested Users
Fetching suggested user : fozia.haider.92 - Wait :  6
Fetching suggested user : jewellryaccessories - Wait :  9
Fetching suggested user : shape_shoe - Wait :  6
Fetching suggested user : fabulous.jewelry239 - Wait :  8
Fetching suggested user : majidhussain4190 - Wait :  9
Fetching suggested user : bedsheets.corner - Wait :  7
Fetching suggested user : garibin4 - Wait :  7
Fetching suggested user : fashionerapakistan - Wait :  6
Fetching suggested user : mish_freebies - Wait :  7
Fetching suggested user : zarmeeny_khan - Wait :  5
Fetching suggested user : _i_lofalofa - Wait :  5
Fetching suggested user : lamsat.hob.perfumes - Wait :  5
Fetching suggested user : deco_vitel - Wait :  7
Fetching suggested user : vincy_sumesh - Wait :  7
Fetching suggested user : imiya_02 - Wait :  9
Fetching suggested user : alijan8086 - Wait :  8
Fetching suggested user : anzasbakistry - Wait :  5
Fetching suggested user : agent_demica_jengka - Wait :  9
Fetching suggested user : naughty_tyxx - Wait :  8
Fetching suggested user : novahome6 - Wait :  8
Fetching suggested user : hoor_malik001 - Wait :  9
Fetching suggested user : talhaboota7866 - Wait :  7
Fetching suggested user : tngs.lahore - Wait :  7
Fetching suggested user : donaldndyana - Wait :  6
Fetching suggested user : salmamuhammadmoosa - Wait :  5
Fetching suggested user : jayteespk - Wait :  8
Fetching suggested user : nahidanighat - Wait :  6
Fetching suggested user : demicabyayu._ - Wait :  7
Fetching suggested user : totwoodcrafts - Wait :  5
Fetching suggested user : tsi2001 - Wait :  6
Fetching suggested user : thetoygenie - Wait :  9
Fetching suggested user : mak.8455 - Wait :  7
Fetching suggested user : sadiadar4 - Wait :  8
Fetching suggested user : ardenqueenna - Wait :  5
Fetching suggested user : bakecology_room - Wait :  9
Fetching suggested user : hmwardrobe1 - Wait :  5
Fetching suggested user : dessert_decorum - Wait :  9
Fetching suggested user : houseofahbaz - Wait :  5
Fetching suggested user : trendy_designs_by_anooshay - Wait :  6
Fetching suggested user : all.abboutfood - Wait :  6
Fetching suggested user : smartscorpio1011 - Wait :  9
Fetching suggested user : midtex - Wait :  8
Fetching suggested user : karver.pk - Wait :  9
Fetching suggested user : cinemanachos - Wait :  7
Fetching suggested user : blackbird_traders - Wait :  6
Fetching suggested user : sellout.pk - Wait :  6
Fetching suggested user : hautestop.uk - Wait :  9
Fetching suggested user : cakedestiny7 - Wait :  6
Fetching suggested user : htk_atelier - Wait :  6
Fetching suggested user : that.fatimaakram - Wait :  8
Fetching suggested user : happyshopping5573 - Wait :  8
Fetching suggested user : zarusfoodstory - Wait :  9
Fetching suggested user : qudsia_rayyan - Wait :  7
Fetching suggested user : decorlybyjh - Wait :  6
Fetching suggested user : brandableofficial - Wait :  8
Fetching suggested user : tngs.official - Wait :  9
Fetching suggested user : thebrandcompany.pk - Wait :  7
Fetching suggested user : everythingplatter - Wait :  6
Fetching suggested user : beingsadisnormal.psy - Wait :  7
Fetching suggested user : arif.iftikhar - Wait :  6
Fetching suggested user : baking_sensations20 - Wait :  5
Fetching suggested user : midnightsurprises.pk - Wait :  6
Fetching suggested user : cakewakelhr - Wait :  7
Fetching suggested user : uraanclothingofficial - Wait :  7
Fetching suggested user : thelivingcompanyofficial - Wait :  6
Fetching suggested user : manzini.pk - Wait :  8
Fetching suggested user : gultexhomestore - Wait :  6
Fetching suggested user : umairzarmina - Wait :  9
Fetching suggested user : shopn.slay_pk - Wait :  7
Fetching suggested user : uffaqkhalid - Wait :  6
Fetching suggested user : butterncream_patisserie - Wait :  5
Fetching suggested user : boodlesbykhushboo - Wait :  5
Fetching suggested user : tea.cottage - Wait :  7
Fetching suggested user : deeyanaofficial - Wait :  9
Fetching suggested user : wishforawesome1 - Wait :  9
Fetching suggested user : blogs.by_fatimaa - Wait :  7
Fetching suggested user : revival_luxuries - Wait :  9
Fetching suggested user : ali.younis - Wait :  6
Fetching follow exchange : passportcameratravel.png - Wait :  5
Fetching follow exchange : vanity.architecture.design - Wait :  5
Fetching follow exchange : nevillekmiec - Wait :  6
Fetching follow exchange : motivationalsavvy - Wait :  7
Fetching follow exchange : thephonereportofficial - Wait :  9
Fetching follow exchange : waheedsardar321 - Wait :  5
Fetching follow exchange : john - Wait :  8
Fetching follow exchange : magnacarta - Wait :  9
Fetching like exchange : ecococonut - Wait :  8
Fetching like exchange : medallion_by_maliha - Wait :  7
Fetching like exchange : passportcameratravel.png - Wait :  7
Fetching like exchange : john - Wait :  8
Fetching like exchange : vanity.architecture.design - Wait :  9
Fetching like exchange : magnacarta - Wait :  6
Fetching like exchange : motivationalsavvy - Wait :  7
Fetching like exchange : thephonereportofficial - Wait :  9
Fetching like exchange : waheedsardar321 - Wait :  7
Fetching comment exchange : aarvidesignerzstudio - Wait :  8
Fetching comment exchange : louiseeoliveiraa - Wait :  7
Fetching comment exchange : dilkush_rizvi - Wait :  9
Fetching comment exchange : trendyclothes.pk - Wait :  6
Fetching comment exchange : falettisgrand.multan - Wait :  9
Fetching comment exchange : bhuttafarmhouse - Wait :  9
Fetching comment exchange : mariaosamaofficial - Wait :  5
Fetching comment exchange : bridge8marketing - Wait :  7
Fetching comment exchange : label_ziba - Wait :  5
Fetching comment exchange : contemporarydesignstudio - Wait :  7
Fetching comment exchange : daria.burlak - Wait :  8
Fetching comment exchange : chococatgrp - Wait :  8
Fetching comment exchange : wardrobebyjoy - Wait :  6
Fetching comment exchange : storry_tt - Wait :  8
Fetching comment exchange : princedrycleanerdelhi - Wait :  8
Fetching comment exchange : aminadapanda - Wait :  5
Fetching comment exchange : baji.please - Wait :  6
Fetching comment exchange : fateha577 - Wait :  7
Fetching comment exchange : snigdhasgarb - Wait :  7
Fetching comment exchange : zain.ali6540 - Wait :  6
Fetching comment exchange : baji.please - Wait :  7
Fetching comment exchange : paulitapia_ - Wait :  9
Fetching comment exchange : ertugrul_ghazi_urdu - Wait :  7
Fetching comment exchange : aasiasaail - Wait :  9
Fetching comment exchange : sketches_bling_on - Wait :  7
Fetching comment exchange : afshan_arij_rathore - Wait :  6
Fetching comment exchange : minsashazil - Wait :  8
Fetching comment exchange : usamauaua - Wait :  7
Fetching comment exchange : shaikhsana3574 - Wait :  7
Fetching comment exchange : duaababur - Wait :  8
Fetching comment exchange : kurtis__hub - Wait :  9
Fetching comment exchange : my_fabric_factory - Wait :  7
Fetching comment exchange : amaraarshad4903 - Wait :  6
Fetching comment exchange : aminah_tahir.rizvi - Wait :  7
Fetching comment exchange : a_l_f7890 - Wait :  9
Fetching comment exchange : riyashcollections_sjc - Wait :  5
Fetching comment exchange : velourskin.co - Wait :  9
Fetching comment exchange : salimdorai - Wait :  8
Fetching comment exchange : syeda.hina.kazmi - Wait :  5
Fetching comment exchange : shemales_in_lahore - Wait :  8
Fetching comment exchange : khadija.ammad - Wait :  7
Fetching comment exchange : balaji_girls_and_boys_wear - Wait :  5
Fetching comment exchange : advzubairabro1 - Wait :  8
Fetching comment exchange : maria.farhan.140 - Wait :  9
Fetching comment exchange : fatimaah___ - Wait :  7
Fetching comment exchange : 3248sana - Wait :  5
Fetching comment exchange : nazli_creations - Wait :  8
Fetching comment exchange : mariaaslam235 - Wait :  7
Fetching comment exchange : sabok_bazzan - Wait :  5
Fetching comment exchange : smart_boy_only1 - Wait :  5
Suggested Users feed done : 1235.469806
Fetching feed for UnFollow
Fetching user to unfollow : hayatmehran479 - Wait :  5
Fetching user to unfollow : khievents0012 - Wait :  4
Fetching user to unfollow : huda._zain - Wait :  2
Fetching user to unfollow : somairaatharuddin - Wait :  2
Fetching user to unfollow : time______pass - Wait :  5
Fetching user to unfollow : zoboutique - Wait :  5
Fetching user to unfollow : wkhera - Wait :  6
Fetching user to unfollow : shahidmughal2819 - Wait :  2
Fetching user to unfollow : alee_seikh - Wait :  3
Fetching user to unfollow : imtiazali1754 - Wait :  3
Fetching user to unfollow : twice_closet_wardrobe - Wait :  4
Fetching user to unfollow : herman_mullins_ - Wait :  6
Fetching user to unfollow : anzy_says - Wait :  3
Fetching user to unfollow : azkas_photography - Wait :  3
Fetching user to unfollow : make_upworld4 - Wait :  5
Fetching user to unfollow : muneebahussainofficial - Wait :  3
Fetching user to unfollow : fashionn_w0rld - Wait :  3
Fetching user to unfollow : farha.zafar_ - Wait :  2
Fetching user to unfollow : closetof702 - Wait :  4
Fetching user to unfollow : xahra_collection - Wait :  4
Fetching user to unfollow : zainabnoor.zn - Wait :  4
Fetching user to unfollow : farwa6651 - Wait :  5
Fetching user to unfollow : _kanwalrashid - Wait :  6
Fetching user to unfollow : tawakahani_nazia - Wait :  6
Fetching user to unfollow : ghaurikhawar - Wait :  4
Fetching user to unfollow : mikyaj_by_meena - Wait :  4
Fetching user to unfollow : farihayyyyy - Wait :  3
Fetching user to unfollow : alizamehdibeautylounge - Wait :  4
Fetching user to unfollow : iqra._official - Wait :  6
Fetching user to unfollow : shayanatherphotography - Wait :  5
Fetching user to unfollow : fareehanoor - Wait :  2
Fetching user to unfollow : fatima_mughal7 - Wait :  2
Fetching user to unfollow : manal._.khaaan - Wait :  3
Fetching user to unfollow : riffayy - Wait :  3
Fetching user to unfollow : omermughalphotography - Wait :  2
Fetching user to unfollow : __dare_devilz__ - Wait :  2
Fetching user to unfollow : mkalhamadi - Wait :  6
Fetching user to unfollow : saif0503167673 - Wait :  5
Fetching user to unfollow : love_about_the_uae - Wait :  3
Fetching user to unfollow : pur_touristik - Wait :  6
Fetching user to unfollow : abudhabidesertsafari7 - Wait :  4
Fetching user to unfollow : abudhabidesertsafari7 - Wait :  4
Fetching user to unfollow : __dare_devilz__ - Wait :  4
Fetching user to unfollow : alexandria.wilson_ - Wait :  5
Fetching user to unfollow : hitherebrooke - Wait :  5
Fetching user to unfollow : lillianabowrey - Wait :  6
Fetching user to unfollow : nusrat_fateh_ali_khan_official - Wait :  5
Fetching user to unfollow : afee_rajpoot2 - Wait :  4
Fetching user to unfollow : _zoyarani - Wait :  5
Fetching user to unfollow : medics_pakistan - Wait :  2
Fetching user to unfollow : zunnash.ashfaq - Wait :  4
Fetching user to unfollow : hadichatv - Wait :  6
Fetching user to unfollow : ssphotography_official - Wait :  5
Fetching user to unfollow : sitorabanu - Wait :  5
Fetching user to unfollow : alinasvibes - Wait :  4
Fetching user to unfollow : world_cabin_crew - Wait :  5
Fetching user to unfollow : mwaj_ahmed - Wait :  6
Fetching user to unfollow : mahmoud_khamis_6 - Wait :  4
Fetching user to unfollow : jeznah_ebrahem_alie - Wait :  5
Fetching user to unfollow : delhicapitals - Wait :  3
Fetching user to unfollow : mazebaan - Wait :  4
Fetching user to unfollow : averygrishamm - Wait :  2
Fetching user to unfollow : views.of.pakistan - Wait :  2
Fetching user to unfollow : chaayebiscuit - Wait :  6
Fetching user to unfollow : kashmiirii - Wait :  4
Fetching user to unfollow : roquia.sabri - Wait :  4
Fetching user to unfollow : hiddenture - Wait :  4
Fetching user to unfollow : shchoreography - Wait :  2
Fetching user to unfollow : diana.messi - Wait :  2
Fetching user to unfollow : heerwritex_ - Wait :  2
Fetching user to unfollow : mahanooriqbal19 - Wait :  2
Fetching user to unfollow : sadaf_alisher - Wait :  2
Fetching user to unfollow : arzoo_zafari - Wait :  6
Fetching user to unfollow : farihayyyyy - Wait :  6
Fetching user to unfollow : alizamehdibeautylounge - Wait :  6
Fetching user to unfollow : iqra._official - Wait :  3
Fetching user to unfollow : opmshoots - Wait :  6
Fetching user to unfollow : opmshoots - Wait :  2
Fetching user to unfollow : da_official143 - Wait :  3
Fetching user to unfollow : wareeshajamal - Wait :  6
Fetching user to unfollow : sha.sumz - Wait :  3
Fetching user to unfollow : empresschikankari - Wait :  3
Fetching user to unfollow : empresschikankari - Wait :  6
Fetching user to unfollow : empresschikankari - Wait :  4
Fetching user to unfollow : thechikanlabel - Wait :  5
Fetching user to unfollow : stylish_collection_91 - Wait :  6
Fetching user to unfollow : labeljiyani - Wait :  4
Fetching user to unfollow : anjulbhandari - Wait :  4
Fetching user to unfollow : noorchikankari - Wait :  5
Fetching user to unfollow : kshayaks_partywear - Wait :  4
Fetching user to unfollow : amirahsyamimi - Wait :  4
Fetching user to unfollow : bhavdeep_kaur - Wait :  4
Fetching user to unfollow : raos_closet - Wait :  4
Fetching user to unfollow : vintage_boutique548 - Wait :  5
Fetching user to unfollow : brandaffectionuk - Wait :  6
Fetching user to unfollow : bushra.butt.54 - Wait :  2
Fetching user to unfollow : sangeetaapal - Wait :  4
Fetching user to unfollow : bethany_wray - Wait :  3
Fetching user to unfollow : ar.jihankhan - Wait :  5
Fetching user to unfollow : scroll_n_shop_ - Wait :  2
Fetching user to unfollow : girly_outfit8 - Wait :  5
Fetching user to unfollow : ethnic_closet_by_arushi - Wait :  4
Fetching user to unfollow : nazakatbysafaaccessories - Wait :  2
Fetching user to unfollow : srdesigner06 - Wait :  6
Fetching user to unfollow : bhaviarts - Wait :  2
Fetching user to unfollow : kajalfreak_chockie - Wait :  2
Fetching user to unfollow : lehengha.collection - Wait :  6
Fetching user to unfollow : seemasareesofficial - Wait :  6
Fetching user to unfollow : lehengha.collection - Wait :  4
Fetching user to unfollow : girls_gorgeous_wear - Wait :  4
Fetching user to unfollow : girls_gorgeous_wear - Wait :  6
Fetching user to unfollow : femme_fatale988 - Wait :  5
Fetching user to unfollow : zainbaigofficial - Wait :  2
Fetching user to unfollow : marcojimenez9 - Wait :  6
Fetching user to unfollow : withlove.maddy - Wait :  2
Fetching user to unfollow : oye.bazz.a.jaa - Wait :  4
Fetching user to unfollow : pakistanionlineboutique - Wait :  3
Fetching user to unfollow : yaser.altaf - Wait :  2
Fetching user to unfollow : chachu_ki_chalakiyan - Wait :  2
Fetching user to unfollow : funnypeople_2 - Wait :  3
Fetching user to unfollow : kolkata_fashion_.09 - Wait :  3
Fetching user to unfollow : rohan_mahajan29 - Wait :  3
Fetching user to unfollow : nawabiiiiii - Wait :  6
Fetching user to unfollow : pri_yankchaturvedi - Wait :  4
Fetching user to unfollow : stylewithrohit - Wait :  6
Fetching user to unfollow : theaathmeyahboutique - Wait :  4
Fetching user to unfollow : theaathmeyahboutique - Wait :  6
Fetching user to unfollow : caitlin_a_parker - Wait :  4
Fetching user to unfollow : eshwarakondedeshmukh - Wait :  2
UnFollow feed fone : 620.157194
Fetching feeds for StoryViews
Fetching story feed : bakin_gsupplies - Wait :  5
Fetching story feed : naziasohail_ - Wait :  8
Fetching story feed : limelight.pret - Wait :  10
Fetching story feed : kitchen_supplierss - Wait :  14
Fetching story feed : hiramaniofficial - Wait :  10
Fetching story feed : sarahkhanofficial - Wait :  6
Fetching story feed : zellbury - Wait :  9
Fetching story feed : sophia.lahore - Wait :  6
Fetching story feed : uycollection1 - Wait :  5
Fetching story feed : sairarizwan_official - Wait :  12
Fetching story feed : secretclosetpk - Wait :  10
Fetching story feed : sapphirepakistan - Wait :  12
Fetching story feed : thezeenwoman - Wait :  11
Fetching story feed : lulusaronline - Wait :  11
Fetching story feed : blogmedia.pk - Wait :  5
Fetching story feed : beechtree_pk - Wait :  10
Fetching story feed : sanajaved.official - Wait :  9
Fetching story feed : anonlineestore - Wait :  14
Fetching story feed : nishatlinen - Wait :  11
Fetching story feed : zarashahjahanofficial - Wait :  11
Fetching story feed : elanofficial - Wait :  11
Fetching story feed : zainali.zainprince.3 - Wait :  7
Fetching story feed : mainkiakehri - Wait :  6
Fetching story feed : chococatgrp - Wait :  12
Fetching story feed : faraj_meriam5 - Wait :  6
Fetching story feed : duaababur - Wait :  7
Fetching story feed : aarvidesignerzstudio - Wait :  8
Fetching story feed : afshan_arij_rathore - Wait :  7
Fetching story feed : stylish_collection_91 - Wait :  12
Fetching story feed : shemales_in_lahore - Wait :  10
Fetching story feed : mkalhamadi - Wait :  10
Fetching story feed : zainbaigofficial - Wait :  14
Fetching story feed : womensringar - Wait :  8
Fetching story feed : inara_by_payal - Wait :  14
Fetching story feed : roquia.sabri - Wait :  5
Fetching story feed : sha.sumz - Wait :  14
Fetching story feed : louiseeoliveiraa - Wait :  9
Fetching story feed : ronachaniago_ - Wait :  12
Fetching story feed : caitlin_a_parker - Wait :  14
Fetching story feed : jeznah_ebrahem_alie - Wait :  7
Fetching story feed : sofia.pires.fitness - Wait :  5
Fetching story feed : label_ziba - Wait :  13
Fetching story feed : aminadapanda - Wait :  5
Fetching story feed : stylewithrohit - Wait :  7
Fetching story feed : nazakatbysafaaccessories - Wait :  10
Fetching story feed : lucknowi_lovers - Wait :  8
Fetching story feed : nawabiiiiii - Wait :  13
Fetching story feed : bethany_wray - Wait :  13
Fetching story feed : opmshoots - Wait :  14
Fetching story feed : pur_touristik - Wait :  7
Fetching story feed : snigdhasgarb - Wait :  12
Fetching story feed : mwaj_ahmed - Wait :  8
Fetching story feed : chilia_chilia - Wait :  12
Fetching story feed : sorayazapata - Wait :  9
Fetching story feed : quinxblog._ - Wait :  5
Fetching story feed : sketches_bling_on - Wait :  5
Fetching story feed : shee.n75 - Wait :  9
Fetching story feed : aanshimishraa - Wait :  9
Fetching story feed : girly_outfit8 - Wait :  10
Fetching story feed : hirableeh - Wait :  13
Fetching story feed : billifreakk - Wait :  10
Fetching story feed : labeljiyani - Wait :  5
Fetching story feed : arzoo_zafari - Wait :  10
Fetching story feed : alinasvibes - Wait :  6
Fetching story feed : slaarasofficial - Wait :  14
Fetching story feed : lillianabowrey - Wait :  8
Fetching story feed : amirahsyamimi - Wait :  8
Fetching story feed : kashmiirii - Wait :  8
Fetching story feed : the_zakx_studio - Wait :  10
Fetching story feed : nazakatbysafa - Wait :  13
Fetching story feed : alishbahannjum - Wait :  8
Fetching story feed : aaniatblog - Wait :  10
Fetching story feed : somairaatharuddin - Wait :  10
Fetching story feed : flex.86 - Wait :  7
Fetching story feed : kirradejong - Wait :  12
Fetching story feed : i_loveemily_ - Wait :  13
Fetching story feed : oak.stitches - Wait :  9
Fetching story feed : shayanatherphotography - Wait :  5
Fetching story feed : shara.gallery - Wait :  12
Fetching story feed : jvalitova - Wait :  7
Fetching story feed : vintage_boutique548 - Wait :  6
Fetching story feed : chachu_ki_chalakiyan - Wait :  14
StoryViews feed done : 846.103491
Actions Ready
Total time in fetching : 3260.934216
Story View : bakin_gsupplies - Wait : 53
Commenting : 2392193213061291601 - Wait : 40
UnFollow : hayatmehran479 - Wait : 59
Error : UnFollow hayatmehran479  URLError <urlopen error [Errno 8] nodename nor servname provided, or not known> (Code: 0, Response: )
Liking : 2392213925917999340 - Wait : 49
Error :  Media deleted 2392213925917999340  URLError <urlopen error [Errno 8] nodename nor servname provided, or not known> (Code: 0, Response: )
Story View : naziasohail_ - Wait : 37
Error : Api Client or Network Error occurred, Restarting
Traceback (most recent call last):
  File "/usr/local/Cellar/python/3.7.7/Frameworks/Python.framework/Versions/3.7/lib/python3.7/urllib/request.py", line 1319, in do_open
    encode_chunked=req.has_header('Transfer-encoding'))
  File "/usr/local/Cellar/python/3.7.7/Frameworks/Python.framework/Versions/3.7/lib/python3.7/http/client.py", line 1252, in request
    self._send_request(method, url, body, headers, encode_chunked)
  File "/usr/local/Cellar/python/3.7.7/Frameworks/Python.framework/Versions/3.7/lib/python3.7/http/client.py", line 1298, in _send_request
    self.endheaders(body, encode_chunked=encode_chunked)
  File "/usr/local/Cellar/python/3.7.7/Frameworks/Python.framework/Versions/3.7/lib/python3.7/http/client.py", line 1247, in endheaders
    self._send_output(message_body, encode_chunked=encode_chunked)
  File "/usr/local/Cellar/python/3.7.7/Frameworks/Python.framework/Versions/3.7/lib/python3.7/http/client.py", line 1026, in _send_output
    self.send(msg)
  File "/usr/local/Cellar/python/3.7.7/Frameworks/Python.framework/Versions/3.7/lib/python3.7/http/client.py", line 966, in send
    self.connect()
  File "/usr/local/Cellar/python/3.7.7/Frameworks/Python.framework/Versions/3.7/lib/python3.7/http/client.py", line 1414, in connect
    super().connect()
  File "/usr/local/Cellar/python/3.7.7/Frameworks/Python.framework/Versions/3.7/lib/python3.7/http/client.py", line 938, in connect
    (self.host,self.port), self.timeout, self.source_address)
  File "/usr/local/Cellar/python/3.7.7/Frameworks/Python.framework/Versions/3.7/lib/python3.7/socket.py", line 707, in create_connection
    for res in getaddrinfo(host, port, 0, SOCK_STREAM):
  File "/usr/local/Cellar/python/3.7.7/Frameworks/Python.framework/Versions/3.7/lib/python3.7/socket.py", line 752, in getaddrinfo
    for res in _socket.getaddrinfo(host, port, family, type, proto, flags):
socket.gaierror: [Errno 8] nodename nor servname provided, or not known

During handling of the above exception, another exception occurred:

Traceback (most recent call last):
  File "/Users/JanatFarooq/Documents/GitHub/sgPython/instagram_private_api/client.py", line 547, in _call_api
    response = self.opener.open(req, timeout=self.timeout)
  File "/usr/local/Cellar/python/3.7.7/Frameworks/Python.framework/Versions/3.7/lib/python3.7/urllib/request.py", line 525, in open
    response = self._open(req, data)
  File "/usr/local/Cellar/python/3.7.7/Frameworks/Python.framework/Versions/3.7/lib/python3.7/urllib/request.py", line 543, in _open
    '_open', req)
  File "/usr/local/Cellar/python/3.7.7/Frameworks/Python.framework/Versions/3.7/lib/python3.7/urllib/request.py", line 503, in _call_chain
    result = func(*args)
  File "/usr/local/Cellar/python/3.7.7/Frameworks/Python.framework/Versions/3.7/lib/python3.7/urllib/request.py", line 1362, in https_open
    context=self._context, check_hostname=self._check_hostname)
  File "/usr/local/Cellar/python/3.7.7/Frameworks/Python.framework/Versions/3.7/lib/python3.7/urllib/request.py", line 1321, in do_open
    raise URLError(err)
urllib.error.URLError: <urlopen error [Errno 8] nodename nor servname provided, or not known>

During handling of the above exception, another exception occurred:

Traceback (most recent call last):
  File "/Users/JanatFarooq/Documents/GitHub/sgPython/botLogic.py", line 474, in RunBot
    apiW.ViewStory(api,row['MediaId'],row['FriendShipStatus'])
  File "/Users/JanatFarooq/Documents/GitHub/sgPython/apiWrappers.py", line 79, in ViewStory
    api.media_seen({str(i): [str(timestamps[iIndex])]})
  File "/Users/JanatFarooq/Documents/GitHub/sgPython/instagram_private_api/endpoints/media.py", line 421, in media_seen
    res = self._call_api('media/seen/', params=params, version='v2')
  File "/Users/JanatFarooq/Documents/GitHub/sgPython/instagram_private_api/client.py", line 558, in _call_api
    connection_error.__class__.__name__, str(connection_error)))
instagram_private_api.errors.ClientConnectionError: URLError <urlopen error [Errno 8] nodename nor servname provided, or not known>

###################################################################
Traceback (most recent call last):
  File "/usr/local/Cellar/python/3.7.7/Frameworks/Python.framework/Versions/3.7/lib/python3.7/urllib/request.py", line 1319, in do_open
    encode_chunked=req.has_header('Transfer-encoding'))
  File "/usr/local/Cellar/python/3.7.7/Frameworks/Python.framework/Versions/3.7/lib/python3.7/http/client.py", line 1252, in request
    self._send_request(method, url, body, headers, encode_chunked)
  File "/usr/local/Cellar/python/3.7.7/Frameworks/Python.framework/Versions/3.7/lib/python3.7/http/client.py", line 1298, in _send_request
    self.endheaders(body, encode_chunked=encode_chunked)
  File "/usr/local/Cellar/python/3.7.7/Frameworks/Python.framework/Versions/3.7/lib/python3.7/http/client.py", line 1247, in endheaders
    self._send_output(message_body, encode_chunked=encode_chunked)
  File "/usr/local/Cellar/python/3.7.7/Frameworks/Python.framework/Versions/3.7/lib/python3.7/http/client.py", line 1026, in _send_output
    self.send(msg)
  File "/usr/local/Cellar/python/3.7.7/Frameworks/Python.framework/Versions/3.7/lib/python3.7/http/client.py", line 966, in send
    self.connect()
  File "/usr/local/Cellar/python/3.7.7/Frameworks/Python.framework/Versions/3.7/lib/python3.7/http/client.py", line 1414, in connect
    super().connect()
  File "/usr/local/Cellar/python/3.7.7/Frameworks/Python.framework/Versions/3.7/lib/python3.7/http/client.py", line 938, in connect
    (self.host,self.port), self.timeout, self.source_address)
  File "/usr/local/Cellar/python/3.7.7/Frameworks/Python.framework/Versions/3.7/lib/python3.7/socket.py", line 707, in create_connection
    for res in getaddrinfo(host, port, 0, SOCK_STREAM):
  File "/usr/local/Cellar/python/3.7.7/Frameworks/Python.framework/Versions/3.7/lib/python3.7/socket.py", line 752, in getaddrinfo
    for res in _socket.getaddrinfo(host, port, family, type, proto, flags):
socket.gaierror: [Errno 8] nodename nor servname provided, or not known

During handling of the above exception, another exception occurred:

Traceback (most recent call last):
  File "/Users/JanatFarooq/Documents/GitHub/sgPython/instagram_private_api/client.py", line 547, in _call_api
    response = self.opener.open(req, timeout=self.timeout)
  File "/usr/local/Cellar/python/3.7.7/Frameworks/Python.framework/Versions/3.7/lib/python3.7/urllib/request.py", line 525, in open
    response = self._open(req, data)
  File "/usr/local/Cellar/python/3.7.7/Frameworks/Python.framework/Versions/3.7/lib/python3.7/urllib/request.py", line 543, in _open
    '_open', req)
  File "/usr/local/Cellar/python/3.7.7/Frameworks/Python.framework/Versions/3.7/lib/python3.7/urllib/request.py", line 503, in _call_chain
    result = func(*args)
  File "/usr/local/Cellar/python/3.7.7/Frameworks/Python.framework/Versions/3.7/lib/python3.7/urllib/request.py", line 1362, in https_open
    context=self._context, check_hostname=self._check_hostname)
  File "/usr/local/Cellar/python/3.7.7/Frameworks/Python.framework/Versions/3.7/lib/python3.7/urllib/request.py", line 1321, in do_open
    raise URLError(err)
urllib.error.URLError: <urlopen error [Errno 8] nodename nor servname provided, or not known>

During handling of the above exception, another exception occurred:

Traceback (most recent call last):
  File "/Users/JanatFarooq/Documents/GitHub/sgPython/botLogic.py", line 474, in RunBot
    apiW.ViewStory(api,row['MediaId'],row['FriendShipStatus'])
  File "/Users/JanatFarooq/Documents/GitHub/sgPython/apiWrappers.py", line 79, in ViewStory
    api.media_seen({str(i): [str(timestamps[iIndex])]})
  File "/Users/JanatFarooq/Documents/GitHub/sgPython/instagram_private_api/endpoints/media.py", line 421, in media_seen
    res = self._call_api('media/seen/', params=params, version='v2')
  File "/Users/JanatFarooq/Documents/GitHub/sgPython/instagram_private_api/client.py", line 558, in _call_api
    connection_error.__class__.__name__, str(connection_error)))
instagram_private_api.errors.ClientConnectionError: URLError <urlopen error [Errno 8] nodename nor servname provided, or not known>

During handling of the above exception, another exception occurred:

Traceback (most recent call last):
  File "/Users/JanatFarooq/Documents/GitHub/sgPython/botLogic.py", line 582, in RunBot
    cf.SendError('info@socialplannerpro.com',traceback.format_exc() + self.logControl.text,gVars.SGusername)
  File "/Users/JanatFarooq/Documents/GitHub/sgPython/customFunctions.py", line 83, in SendError
    session = smtplib.SMTP('smtp.sendgrid.net', 587) #use gmail with port
  File "/usr/local/Cellar/python/3.7.7/Frameworks/Python.framework/Versions/3.7/lib/python3.7/smtplib.py", line 251, in __init__
    (code, msg) = self.connect(host, port)
  File "/usr/local/Cellar/python/3.7.7/Frameworks/Python.framework/Versions/3.7/lib/python3.7/smtplib.py", line 336, in connect
    self.sock = self._get_socket(host, port, self.timeout)
  File "/usr/local/Cellar/python/3.7.7/Frameworks/Python.framework/Versions/3.7/lib/python3.7/smtplib.py", line 307, in _get_socket
    self.source_address)
  File "/usr/local/Cellar/python/3.7.7/Frameworks/Python.framework/Versions/3.7/lib/python3.7/socket.py", line 707, in create_connection
    for res in getaddrinfo(host, port, 0, SOCK_STREAM):
  File "/usr/local/Cellar/python/3.7.7/Frameworks/Python.framework/Versions/3.7/lib/python3.7/socket.py", line 752, in getaddrinfo
    for res in _socket.getaddrinfo(host, port, family, type, proto, flags):
socket.gaierror: [Errno 8] nodename nor servname provided, or not known
a
Error : Retrying in 30 seconds
Retry #1 

###################################################################
Starting Sequence
Initial info already sent
Today Stats already sent
Total time in fetching : 21501.183772
Story View : naziasohail_ - Wait : 63
Error : Api Client or Network Error occurred, Restarting
Traceback (most recent call last):
  File "/usr/local/Cellar/python/3.7.7/Frameworks/Python.framework/Versions/3.7/lib/python3.7/urllib/request.py", line 1319, in do_open
    encode_chunked=req.has_header('Transfer-encoding'))
  File "/usr/local/Cellar/python/3.7.7/Frameworks/Python.framework/Versions/3.7/lib/python3.7/http/client.py", line 1252, in request
    self._send_request(method, url, body, headers, encode_chunked)
  File "/usr/local/Cellar/python/3.7.7/Frameworks/Python.framework/Versions/3.7/lib/python3.7/http/client.py", line 1298, in _send_request
    self.endheaders(body, encode_chunked=encode_chunked)
  File "/usr/local/Cellar/python/3.7.7/Frameworks/Python.framework/Versions/3.7/lib/python3.7/http/client.py", line 1247, in endheaders
    self._send_output(message_body, encode_chunked=encode_chunked)
  File "/usr/local/Cellar/python/3.7.7/Frameworks/Python.framework/Versions/3.7/lib/python3.7/http/client.py", line 1026, in _send_output
    self.send(msg)
  File "/usr/local/Cellar/python/3.7.7/Frameworks/Python.framework/Versions/3.7/lib/python3.7/http/client.py", line 966, in send
    self.connect()
  File "/usr/local/Cellar/python/3.7.7/Frameworks/Python.framework/Versions/3.7/lib/python3.7/http/client.py", line 1414, in connect
    super().connect()
  File "/usr/local/Cellar/python/3.7.7/Frameworks/Python.framework/Versions/3.7/lib/python3.7/http/client.py", line 938, in connect
    (self.host,self.port), self.timeout, self.source_address)
  File "/usr/local/Cellar/python/3.7.7/Frameworks/Python.framework/Versions/3.7/lib/python3.7/socket.py", line 707, in create_connection
    for res in getaddrinfo(host, port, 0, SOCK_STREAM):
  File "/usr/local/Cellar/python/3.7.7/Frameworks/Python.framework/Versions/3.7/lib/python3.7/socket.py", line 752, in getaddrinfo
    for res in _socket.getaddrinfo(host, port, family, type, proto, flags):
socket.gaierror: [Errno 8] nodename nor servname provided, or not known

During handling of the above exception, another exception occurred:

Traceback (most recent call last):
  File "/Users/JanatFarooq/Documents/GitHub/sgPython/instagram_private_api/client.py", line 547, in _call_api
    response = self.opener.open(req, timeout=self.timeout)
  File "/usr/local/Cellar/python/3.7.7/Frameworks/Python.framework/Versions/3.7/lib/python3.7/urllib/request.py", line 525, in open
    response = self._open(req, data)
  File "/usr/local/Cellar/python/3.7.7/Frameworks/Python.framework/Versions/3.7/lib/python3.7/urllib/request.py", line 543, in _open
    '_open', req)
  File "/usr/local/Cellar/python/3.7.7/Frameworks/Python.framework/Versions/3.7/lib/python3.7/urllib/request.py", line 503, in _call_chain
    result = func(*args)
  File "/usr/local/Cellar/python/3.7.7/Frameworks/Python.framework/Versions/3.7/lib/python3.7/urllib/request.py", line 1362, in https_open
    context=self._context, check_hostname=self._check_hostname)
  File "/usr/local/Cellar/python/3.7.7/Frameworks/Python.framework/Versions/3.7/lib/python3.7/urllib/request.py", line 1321, in do_open
    raise URLError(err)
urllib.error.URLError: <urlopen error [Errno 8] nodename nor servname provided, or not known>

During handling of the above exception, another exception occurred:

Traceback (most recent call last):
  File "/Users/JanatFarooq/Documents/GitHub/sgPython/botLogic.py", line 474, in RunBot
    apiW.ViewStory(api,row['MediaId'],row['FriendShipStatus'])
  File "/Users/JanatFarooq/Documents/GitHub/sgPython/apiWrappers.py", line 79, in ViewStory
    api.media_seen({str(i): [str(timestamps[iIndex])]})
  File "/Users/JanatFarooq/Documents/GitHub/sgPython/instagram_private_api/endpoints/media.py", line 421, in media_seen
    res = self._call_api('media/seen/', params=params, version='v2')
  File "/Users/JanatFarooq/Documents/GitHub/sgPython/instagram_private_api/client.py", line 558, in _call_api
    connection_error.__class__.__name__, str(connection_error)))
instagram_private_api.errors.ClientConnectionError: URLError <urlopen error [Errno 8] nodename nor servname provided, or not known>

###################################################################
Traceback (most recent call last):
  File "/usr/local/Cellar/python/3.7.7/Frameworks/Python.framework/Versions/3.7/lib/python3.7/urllib/request.py", line 1319, in do_open
    encode_chunked=req.has_header('Transfer-encoding'))
  File "/usr/local/Cellar/python/3.7.7/Frameworks/Python.framework/Versions/3.7/lib/python3.7/http/client.py", line 1252, in request
    self._send_request(method, url, body, headers, encode_chunked)
  File "/usr/local/Cellar/python/3.7.7/Frameworks/Python.framework/Versions/3.7/lib/python3.7/http/client.py", line 1298, in _send_request
    self.endheaders(body, encode_chunked=encode_chunked)
  File "/usr/local/Cellar/python/3.7.7/Frameworks/Python.framework/Versions/3.7/lib/python3.7/http/client.py", line 1247, in endheaders
    self._send_output(message_body, encode_chunked=encode_chunked)
  File "/usr/local/Cellar/python/3.7.7/Frameworks/Python.framework/Versions/3.7/lib/python3.7/http/client.py", line 1026, in _send_output
    self.send(msg)
  File "/usr/local/Cellar/python/3.7.7/Frameworks/Python.framework/Versions/3.7/lib/python3.7/http/client.py", line 966, in send
    self.connect()
  File "/usr/local/Cellar/python/3.7.7/Frameworks/Python.framework/Versions/3.7/lib/python3.7/http/client.py", line 1414, in connect
    super().connect()
  File "/usr/local/Cellar/python/3.7.7/Frameworks/Python.framework/Versions/3.7/lib/python3.7/http/client.py", line 938, in connect
    (self.host,self.port), self.timeout, self.source_address)
  File "/usr/local/Cellar/python/3.7.7/Frameworks/Python.framework/Versions/3.7/lib/python3.7/socket.py", line 707, in create_connection
    for res in getaddrinfo(host, port, 0, SOCK_STREAM):
  File "/usr/local/Cellar/python/3.7.7/Frameworks/Python.framework/Versions/3.7/lib/python3.7/socket.py", line 752, in getaddrinfo
    for res in _socket.getaddrinfo(host, port, family, type, proto, flags):
socket.gaierror: [Errno 8] nodename nor servname provided, or not known

During handling of the above exception, another exception occurred:

Traceback (most recent call last):
  File "/Users/JanatFarooq/Documents/GitHub/sgPython/instagram_private_api/client.py", line 547, in _call_api
    response = self.opener.open(req, timeout=self.timeout)
  File "/usr/local/Cellar/python/3.7.7/Frameworks/Python.framework/Versions/3.7/lib/python3.7/urllib/request.py", line 525, in open
    response = self._open(req, data)
  File "/usr/local/Cellar/python/3.7.7/Frameworks/Python.framework/Versions/3.7/lib/python3.7/urllib/request.py", line 543, in _open
    '_open', req)
  File "/usr/local/Cellar/python/3.7.7/Frameworks/Python.framework/Versions/3.7/lib/python3.7/urllib/request.py", line 503, in _call_chain
    result = func(*args)
  File "/usr/local/Cellar/python/3.7.7/Frameworks/Python.framework/Versions/3.7/lib/python3.7/urllib/request.py", line 1362, in https_open
    context=self._context, check_hostname=self._check_hostname)
  File "/usr/local/Cellar/python/3.7.7/Frameworks/Python.framework/Versions/3.7/lib/python3.7/urllib/request.py", line 1321, in do_open
    raise URLError(err)
urllib.error.URLError: <urlopen error [Errno 8] nodename nor servname provided, or not known>

During handling of the above exception, another exception occurred:

Traceback (most recent call last):
  File "/Users/JanatFarooq/Documents/GitHub/sgPython/botLogic.py", line 474, in RunBot
    apiW.ViewStory(api,row['MediaId'],row['FriendShipStatus'])
  File "/Users/JanatFarooq/Documents/GitHub/sgPython/apiWrappers.py", line 79, in ViewStory
    api.media_seen({str(i): [str(timestamps[iIndex])]})
  File "/Users/JanatFarooq/Documents/GitHub/sgPython/instagram_private_api/endpoints/media.py", line 421, in media_seen
    res = self._call_api('media/seen/', params=params, version='v2')
  File "/Users/JanatFarooq/Documents/GitHub/sgPython/instagram_private_api/client.py", line 558, in _call_api
    connection_error.__class__.__name__, str(connection_error)))
instagram_private_api.errors.ClientConnectionError: URLError <urlopen error [Errno 8] nodename nor servname provided, or not known>

During handling of the above exception, another exception occurred:

Traceback (most recent call last):
  File "/Users/JanatFarooq/Documents/GitHub/sgPython/botLogic.py", line 582, in RunBot
    cf.SendError('info@socialplannerpro.com',traceback.format_exc() + self.logControl.text,gVars.SGusername)
  File "/Users/JanatFarooq/Documents/GitHub/sgPython/customFunctions.py", line 83, in SendError
    session = smtplib.SMTP('smtp.sendgrid.net', 587) #use gmail with port
  File "/usr/local/Cellar/python/3.7.7/Frameworks/Python.framework/Versions/3.7/lib/python3.7/smtplib.py", line 251, in __init__
    (code, msg) = self.connect(host, port)
  File "/usr/local/Cellar/python/3.7.7/Frameworks/Python.framework/Versions/3.7/lib/python3.7/smtplib.py", line 336, in connect
    self.sock = self._get_socket(host, port, self.timeout)
  File "/usr/local/Cellar/python/3.7.7/Frameworks/Python.framework/Versions/3.7/lib/python3.7/smtplib.py", line 307, in _get_socket
    self.source_address)
  File "/usr/local/Cellar/python/3.7.7/Frameworks/Python.framework/Versions/3.7/lib/python3.7/socket.py", line 707, in create_connection
    for res in getaddrinfo(host, port, 0, SOCK_STREAM):
  File "/usr/local/Cellar/python/3.7.7/Frameworks/Python.framework/Versions/3.7/lib/python3.7/socket.py", line 752, in getaddrinfo
    for res in _socket.getaddrinfo(host, port, family, type, proto, flags):
socket.gaierror: [Errno 8] nodename nor servname provided, or not known

Error : Retrying in 60 seconds
Retry #2 

###################################################################
Starting Sequence
###################################################################
Traceback (most recent call last):
  File "/Users/JanatFarooq/Documents/GitHub/sgPython/mypython/lib/python3.7/site-packages/urllib3/connection.py", line 160, in _new_conn
    (self._dns_host, self.port), self.timeout, **extra_kw
  File "/Users/JanatFarooq/Documents/GitHub/sgPython/mypython/lib/python3.7/site-packages/urllib3/util/connection.py", line 61, in create_connection
    for res in socket.getaddrinfo(host, port, family, socket.SOCK_STREAM):
  File "/usr/local/Cellar/python/3.7.7/Frameworks/Python.framework/Versions/3.7/lib/python3.7/socket.py", line 752, in getaddrinfo
    for res in _socket.getaddrinfo(host, port, family, type, proto, flags):
socket.gaierror: [Errno 8] nodename nor servname provided, or not known

During handling of the above exception, another exception occurred:

Traceback (most recent call last):
  File "/Users/JanatFarooq/Documents/GitHub/sgPython/mypython/lib/python3.7/site-packages/urllib3/connectionpool.py", line 677, in urlopen
    chunked=chunked,
  File "/Users/JanatFarooq/Documents/GitHub/sgPython/mypython/lib/python3.7/site-packages/urllib3/connectionpool.py", line 381, in _make_request
    self._validate_conn(conn)
  File "/Users/JanatFarooq/Documents/GitHub/sgPython/mypython/lib/python3.7/site-packages/urllib3/connectionpool.py", line 976, in _validate_conn
    conn.connect()
  File "/Users/JanatFarooq/Documents/GitHub/sgPython/mypython/lib/python3.7/site-packages/urllib3/connection.py", line 308, in connect
    conn = self._new_conn()
  File "/Users/JanatFarooq/Documents/GitHub/sgPython/mypython/lib/python3.7/site-packages/urllib3/connection.py", line 172, in _new_conn
    self, "Failed to establish a new connection: %s" % e
urllib3.exceptions.NewConnectionError: <urllib3.connection.HTTPSConnection object at 0x14acb2bd0>: Failed to establish a new connection: [Errno 8] nodename nor servname provided, or not known

During handling of the above exception, another exception occurred:

Traceback (most recent call last):
  File "/Users/JanatFarooq/Documents/GitHub/sgPython/mypython/lib/python3.7/site-packages/requests/adapters.py", line 449, in send
    timeout=timeout
  File "/Users/JanatFarooq/Documents/GitHub/sgPython/mypython/lib/python3.7/site-packages/urllib3/connectionpool.py", line 765, in urlopen
    **response_kw
  File "/Users/JanatFarooq/Documents/GitHub/sgPython/mypython/lib/python3.7/site-packages/urllib3/connectionpool.py", line 765, in urlopen
    **response_kw
  File "/Users/JanatFarooq/Documents/GitHub/sgPython/mypython/lib/python3.7/site-packages/urllib3/connectionpool.py", line 765, in urlopen
    **response_kw
  File "/Users/JanatFarooq/Documents/GitHub/sgPython/mypython/lib/python3.7/site-packages/urllib3/connectionpool.py", line 725, in urlopen
    method, url, error=e, _pool=self, _stacktrace=sys.exc_info()[2]
  File "/Users/JanatFarooq/Documents/GitHub/sgPython/mypython/lib/python3.7/site-packages/urllib3/util/retry.py", line 439, in increment
    raise MaxRetryError(_pool, url, error or ResponseError(cause))
urllib3.exceptions.MaxRetryError: HTTPSConnectionPool(host='socialplannerpro.com', port=443): Max retries exceeded with url: /API/Mobile/GetManifest (Caused by NewConnectionError('<urllib3.connection.HTTPSConnection object at 0x14acb2bd0>: Failed to establish a new connection: [Errno 8] nodename nor servname provided, or not known'))

During handling of the above exception, another exception occurred:

Traceback (most recent call last):
  File "/Users/JanatFarooq/Documents/GitHub/sgPython/botLogic.py", line 145, in RunBot
    gVars.manifest = cf.GetManifest(gVars.loginResult["SocialProfileId"],gVars)
  File "/Users/JanatFarooq/Documents/GitHub/sgPython/customFunctions.py", line 151, in GetManifest
    r = session.post(url = API_Manifest, data = data)
  File "/Users/JanatFarooq/Documents/GitHub/sgPython/mypython/lib/python3.7/site-packages/requests/sessions.py", line 578, in post
    return self.request('POST', url, data=data, json=json, **kwargs)
  File "/Users/JanatFarooq/Documents/GitHub/sgPython/mypython/lib/python3.7/site-packages/requests/sessions.py", line 530, in request
    resp = self.send(prep, **send_kwargs)
  File "/Users/JanatFarooq/Documents/GitHub/sgPython/mypython/lib/python3.7/site-packages/requests/sessions.py", line 643, in send
    r = adapter.send(request, **kwargs)
  File "/Users/JanatFarooq/Documents/GitHub/sgPython/mypython/lib/python3.7/site-packages/requests/adapters.py", line 516, in send
    raise ConnectionError(e, request=request)
requests.exceptions.ConnectionError: HTTPSConnectionPool(host='socialplannerpro.com', port=443): Max retries exceeded with url: /API/Mobile/GetManifest (Caused by NewConnectionError('<urllib3.connection.HTTPSConnection object at 0x14acb2bd0>: Failed to establish a new connection: [Errno 8] nodename nor servname provided, or not known'))

Error : Retrying in 90 seconds
Retry #3 

###################################################################
Starting Sequence
Initial info already sent
Today Stats already sent
Total time in fetching : 21794.180376
Story View : naziasohail_ - Wait : 51
UnFollow : khievents0012 - Wait : 56
Following : harisshakeelofficial - Wait : 61
Following : blog_by_khushi_ - Wait : 54
UnFollow : huda._zain - Wait : 51
UnFollow : somairaatharuddin - Wait : 40
UnFollow : time______pass - Wait : 44
UnFollow : zoboutique - Wait : 47
UnFollow : wkhera - Wait : 38
Story View : limelight.pret - Wait : 45
Story View : kitchen_supplierss - Wait : 62
Following : pkdressesonline - Wait : 42
Story View : hiramaniofficial - Wait : 39
Commenting : 2392192970905716445 - Wait : 64
Following : kamini_atelier - Wait : 45
Liking : 2392213707344551285 - Wait : 51
UnFollow : shahidmughal2819 - Wait : 45
Liking : 2392212781383657941 - Wait : 48
UnFollow : alee_seikh - Wait : 41
UnFollow : imtiazali1754 - Wait : 62
UnFollow : twice_closet_wardrobe - Wait : 54
UnFollow : herman_mullins_ - Wait : 45
Following : vaish__gupta - Wait : 56
Liking : 2392191015154223206 - Wait : 46
Following : thewomenshoping - Wait : 39
UnFollow : anzy_says - Wait : 52
Commenting : 2392175050246977723 - Wait : 54
Commenting : 2385076026522061298 - Wait : 63
Commenting : 2385075742148199221 - Wait : 57
Commenting : 2385075356347700681 - Wait : 54
Following : poojatokas265 - Wait : 63
Following : psl.media - Wait : 64
Story View : sarahkhanofficial - Wait : 54
Following : inkgrave.clothing - Wait : 61
Commenting : 2382562573214337161 - Wait : 35
Commenting : 2392227198666210945 - Wait : 52
UnFollow : azkas_photography - Wait : 56
Commenting : 2392222753880008391 - Wait : 54
Commenting : 2392217395504023425 - Wait : 56
Story View : zellbury - Wait : 50
Following : dramy_baz_phoopo - Wait : 56
UnFollow : make_upworld4 - Wait : 39
Liking : 2392187124163169755 - Wait : 54
Story View : sophia.lahore - Wait : 35
Commenting : 2392215100431252764 - Wait : 49
Commenting : 2387935227571213746 - Wait : 50
UnFollow : muneebahussainofficial - Wait : 54
UnFollow : fashionn_w0rld - Wait : 55
Commenting : 2392227920983941305 - Wait : 61
Following : littleones.couture - Wait : 55
Liking : 2392173195988184196 - Wait : 52
UnFollow : farha.zafar_ - Wait : 61
UnFollow : closetof702 - Wait : 64
Following : xpression03 - Wait : 62
Following : xpression03 - Wait : 53
Liking : 2392171521780133409 - Wait : 62
Following : shugal.maza - Wait : 44
UnFollow : xahra_collection - Wait : 48
Story View : uycollection1 - Wait : 40
UnFollow : zainabnoor.zn - Wait : 58
Following : sassy_pakistanis - Wait : 37
UnFollow : farwa6651 - Wait : 36
UnFollow : _kanwalrashid - Wait : 61
Following : crush_ki_batain - Wait : 39
Commenting : 2392227370994764201 - Wait : 36
UnFollow : tawakahani_nazia - Wait : 54
Liking : 2391592539721158793 - Wait : 50
UnFollow : ghaurikhawar - Wait : 54
Story View : sairarizwan_official - Wait : 40
Liking : 2391273598461837135 - Wait : 41
Following : cosmetics__deals7777 - Wait : 54
Following : laddan_jafery - Wait : 47
UnFollow : mikyaj_by_meena - Wait : 49
UnFollow : farihayyyyy - Wait : 42
Following : plush_cosmetics_ - Wait : 55
UnFollow : alizamehdibeautylounge - Wait : 37
Following : __shopwithannie - Wait : 64
UnFollow : iqra._official - Wait : 35
Story View : secretclosetpk - Wait : 37
UnFollow : shayanatherphotography - Wait : 55
UnFollow : fareehanoor - Wait : 64
UnFollow : fatima_mughal7 - Wait : 61
UnFollow : manal._.khaaan - Wait : 50
Following : __shopwithannie - Wait : 63
Commenting : 2392224423195995962 - Wait : 43
Commenting : 2392223252967047218 - Wait : 35
Following : __shopwithannie - Wait : 50
Commenting : 2392222974859405027 - Wait : 57
Commenting : 2392222240656456033 - Wait : 38
Liking : 2390901963178217611 - Wait : 64
UnFollow : riffayy - Wait : 40
UnFollow : omermughalphotography - Wait : 59
Following : mysareebasket - Wait : 64
Following : littleclosetpk - Wait : 36
Following : rraktastudio - Wait : 44
Following : littleclosetpk - Wait : 43
Commenting : 2392220202913888072 - Wait : 41
UnFollow : __dare_devilz__ - Wait : 64
UnFollow : mkalhamadi - Wait : 42
Following : littleclosetpk - Wait : 51
Following : dress_world.pk - Wait : 55
UnFollow : saif0503167673 - Wait : 55
UnFollow : love_about_the_uae - Wait : 61
Following : suneha_fashions - Wait : 56
Commenting : 2392209752260340028 - Wait : 49
Commenting : 2392209403462000364 - Wait : 50
UnFollow : pur_touristik - Wait : 62
Liking : 2383536301768266320 - Wait : 55
UnFollow : abudhabidesertsafari7 - Wait : 50
Story View : sapphirepakistan - Wait : 37
Commenting : 2392208099578607264 - Wait : 55
Following : dress_bazar1 - Wait : 49
Commenting : 2392207974672292873 - Wait : 44
Commenting : 2392207663278781605 - Wait : 47
Liking : 2382706405697516238 - Wait : 36
Commenting : 2392225471200180558 - Wait : 43
Following : hpromua - Wait : 54
Liking : 2381387827912172282 - Wait : 41
UnFollow : abudhabidesertsafari7 - Wait : 64
Liking : 2392225439811525385 - Wait : 49
Liking : 2392222670848915946 - Wait : 36
Story View : thezeenwoman - Wait : 46
Commenting : 2392224794734440027 - Wait : 64
Commenting : 2392222572650728291 - Wait : 50
UnFollow : __dare_devilz__ - Wait : 54
UnFollow : alexandria.wilson_ - Wait : 54
Liking : 2392220383594357715 - Wait : 55
UnFollow : hitherebrooke - Wait : 63
Liking : 2392216357549510420 - Wait : 52
UnFollow : shoutout_.modals - Wait : 57
Liking : 2392215444348818944 - Wait : 55
Liking : 2392225691016830400 - Wait : 47
Following : tehzeeb.shoppingonline - Wait : 59
Liking : 2392223668253467433 - Wait : 42
Commenting : 2392220323406121259 - Wait : 39
Story View : lulusaronline - Wait : 41
Following : girlsthingonline_pak - Wait : 62
Following : sundar_naari - Wait : 46
UnFollow : lillianabowrey - Wait : 59
Following : shopforsusha - Wait : 42
UnFollow : nusrat_fateh_ali_khan_official - Wait : 58
Following : formallyeverafter - Wait : 43
Story View : blogmedia.pk - Wait : 63
UnFollow : afee_rajpoot2 - Wait : 63
UnFollow : _zoyarani - Wait : 48
UnFollow : medics_pakistan - Wait : 60
Liking : 2392223446970378144 - Wait : 57
Liking : 2392220976310118100 - Wait : 44
Following : tammyjay299 - Wait : 49
Following : shopforsusha - Wait : 49
Commenting : 2334473157586809514 - Wait : 59
Story View : beechtree_pk - Wait : 49
UnFollow : zunnash.ashfaq - Wait : 36
Commenting : 2298123342892645147 - Wait : 52
Commenting : 2268234072849128380 - Wait : 62
Commenting : 2203732889049739036 - Wait : 45
Following : navalmal_group - Wait : 44
Commenting : 2392227045894510622 - Wait : 50
Story View : sanajaved.official - Wait : 60
Liking : 2392209022602329128 - Wait : 36
UnFollow : hadichatv - Wait : 62
UnFollow : ssphotography_official - Wait : 48
Story View : anonlineestore - Wait : 61
Following : ishylabel - Wait : 51
UnFollow : sitorabanu - Wait : 55
Story View : nishatlinen - Wait : 43
UnFollow : alinasvibes - Wait : 49
Commenting : 2392225906956425067 - Wait : 55
Story View : zarashahjahanofficial - Wait : 58
UnFollow : world_cabin_crew - Wait : 49
Following : shophayatofficial - Wait : 41
Commenting : 2392223691104010366 - Wait : 55
UnFollow : mwaj_ahmed - Wait : 37
Following : shophayatofficial - Wait : 35
UnFollow : mahmoud_khamis_6 - Wait : 37
Commenting : 2392222950104664515 - Wait : 45
Following : chakwe_suit_video - Wait : 44
Following : mudra_collections - Wait : 38
Commenting : 2392222201320744878 - Wait : 39
Following : ethinic_tribe - Wait : 51
Liking : 2392208727826532299 - Wait : 61
UnFollow : jeznah_ebrahem_alie - Wait : 64
Liking : 2392208292701135240 - Wait : 44
UnFollow : delhicapitals - Wait : 37
Following : shadesby_vidhi - Wait : 49
UnFollow : mazebaan - Wait : 39
Following : thedressinglane - Wait : 53
UnFollow : averygrishamm - Wait : 38
Following : suneha_fashions - Wait : 55
Story View : elanofficial - Wait : 52
Commenting : 2392220820849857947 - Wait : 52
UnFollow : views.of.pakistan - Wait : 55
Following : nainaa_boutique - Wait : 41
UnFollow : chaayebiscuit - Wait : 53
Commenting : 2391612643742689324 - Wait : 56
Following : jacqueline_anne_atelier - Wait : 42
Following : anayadesignerstudio - Wait : 41
Commenting : 2387962576600403236 - Wait : 36
Liking : 2392207484970437035 - Wait : 36
UnFollow : kashmiirii - Wait : 50
Following : kaprakaari - Wait : 37
Liking : 2392227324881046710 - Wait : 58
Following : kaprakaari - Wait : 50
Liking : 2392227252965524315 - Wait : 59
Liking : 2392226411605930678 - Wait : 43
Commenting : 2387712404887154994 - Wait : 52
UnFollow : roquia.sabri - Wait : 46
Story View : zainali.zainprince.3 - Wait : 60
Liking : 2392226236157148876 - Wait : 56
Liking : 2392223909081985026 - Wait : 44
UnFollow : hiddenture - Wait : 59
Following : aimanjamallabel - Wait : 51
UnFollow : shchoreography - Wait : 39
Liking : 2392222090215220464 - Wait : 57
UnFollow : diana.messi - Wait : 50
Liking : 2392221961197894775 - Wait : 50
Following : kaprakaari - Wait : 43
Commenting : 2386981552349371384 - Wait : 49
UnFollow : heerwritex_ - Wait : 54
Story View : mainkiakehri - Wait : 35
Following : _nghuman___pb10_ - Wait : 53
Commenting : 2386276563952044454 - Wait : 42
UnFollow : mahanooriqbal19 - Wait : 63
UnFollow : sadaf_alisher - Wait : 44
Story View : chococatgrp - Wait : 55
UnFollow : arzoo_zafari - Wait : 40
Liking : 2341539377442112676 - Wait : 48
Commenting : 2386207360150588761 - Wait : 55
Following : thechikancompany - Wait : 39
Story View : faraj_meriam5 - Wait : 53
UnFollow : farihayyyyy - Wait : 44
Liking : 2203732579073824104 - Wait : 54
UnFollow : alizamehdibeautylounge - Wait : 64
UnFollow : iqra._official - Wait : 64
Following : riwayatbylcp - Wait : 50
Liking : 2203732214655758693 - Wait : 60
UnFollow : opmshoots - Wait : 61
Following : in.hind1 - Wait : 45
Liking : 2392225311371658554 - Wait : 35
Following : poshak_chikan_studio - Wait : 42
Following : omarocollection - Wait : 57
Liking : 2391349118306254441 - Wait : 62
Story View : duaababur - Wait : 60
UnFollow : opmshoots - Wait : 64
UnFollow : da_official143 - Wait : 43
UnFollow : wareeshajamal - Wait : 61
Commenting : 2385841797145121932 - Wait : 44
UnFollow : sha.sumz - Wait : 62
Following : qasimyar - Wait : 48
UnFollow : empresschikankari - Wait : 63
UnFollow : empresschikankari - Wait : 63
Liking : 2387711582241363418 - Wait : 49
Liking : 2387710274709041918 - Wait : 56
UnFollow : empresschikankari - Wait : 35
Story View : aarvidesignerzstudio - Wait : 41
Story View : afshan_arij_rathore - Wait : 36
UnFollow : thechikanlabel - Wait : 39
Commenting : 2392220430738785307 - Wait : 59
UnFollow : stylish_collection_91 - Wait : 63
UnFollow : labeljiyani - Wait : 39
Commenting : 2392215980782954193 - Wait : 43
UnFollow : anjulbhandari - Wait : 55
Following : mahathings007 - Wait : 61
Commenting : 2392210502450382936 - Wait : 57
Commenting : 2392210024309449924 - Wait : 48
Commenting : 2392228408221659770 - Wait : 43
Liking : 2392225005263832018 - Wait : 61
Liking : 2392223741703677924 - Wait : 48
Liking : 2392217694283156538 - Wait : 64
Error : Exception occurred in actions, restarting
Traceback (most recent call last):
  File "/Users/JanatFarooq/Documents/GitHub/sgPython/mypython/lib/python3.7/site-packages/urllib3/connection.py", line 160, in _new_conn
    (self._dns_host, self.port), self.timeout, **extra_kw
  File "/Users/JanatFarooq/Documents/GitHub/sgPython/mypython/lib/python3.7/site-packages/urllib3/util/connection.py", line 84, in create_connection
    raise err
  File "/Users/JanatFarooq/Documents/GitHub/sgPython/mypython/lib/python3.7/site-packages/urllib3/util/connection.py", line 74, in create_connection
    sock.connect(sa)
socket.timeout: timed out

During handling of the above exception, another exception occurred:

Traceback (most recent call last):
  File "/Users/JanatFarooq/Documents/GitHub/sgPython/mypython/lib/python3.7/site-packages/urllib3/connectionpool.py", line 677, in urlopen
    chunked=chunked,
  File "/Users/JanatFarooq/Documents/GitHub/sgPython/mypython/lib/python3.7/site-packages/urllib3/connectionpool.py", line 381, in _make_request
    self._validate_conn(conn)
  File "/Users/JanatFarooq/Documents/GitHub/sgPython/mypython/lib/python3.7/site-packages/urllib3/connectionpool.py", line 976, in _validate_conn
    conn.connect()
  File "/Users/JanatFarooq/Documents/GitHub/sgPython/mypython/lib/python3.7/site-packages/urllib3/connection.py", line 308, in connect
    conn = self._new_conn()
  File "/Users/JanatFarooq/Documents/GitHub/sgPython/mypython/lib/python3.7/site-packages/urllib3/connection.py", line 167, in _new_conn
    % (self.host, self.timeout),
urllib3.exceptions.ConnectTimeoutError: (<urllib3.connection.HTTPSConnection object at 0x1c425a4d0>, 'Connection to socialplannerpro.com timed out. (connect timeout=15)')

During handling of the above exception, another exception occurred:

Traceback (most recent call last):
  File "/Users/JanatFarooq/Documents/GitHub/sgPython/mypython/lib/python3.7/site-packages/requests/adapters.py", line 449, in send
    timeout=timeout
  File "/Users/JanatFarooq/Documents/GitHub/sgPython/mypython/lib/python3.7/site-packages/urllib3/connectionpool.py", line 725, in urlopen
    method, url, error=e, _pool=self, _stacktrace=sys.exc_info()[2]
  File "/Users/JanatFarooq/Documents/GitHub/sgPython/mypython/lib/python3.7/site-packages/urllib3/util/retry.py", line 439, in increment
    raise MaxRetryError(_pool, url, error or ResponseError(cause))
urllib3.exceptions.MaxRetryError: HTTPSConnectionPool(host='socialplannerpro.com', port=443): Max retries exceeded with url: /API/Mobile/AppActionBulk (Caused by ConnectTimeoutError(<urllib3.connection.HTTPSConnection object at 0x1c425a4d0>, 'Connection to socialplannerpro.com timed out. (connect timeout=15)'))

During handling of the above exception, another exception occurred:

Traceback (most recent call last):
  File "/Users/JanatFarooq/Documents/GitHub/sgPython/botLogic.py", line 387, in RunBot
    cf.SendAction(gVars,gVars.SocialProfileId,Actions.Like,row['Username'],row['MediaId'])
  File "/Users/JanatFarooq/Documents/GitHub/sgPython/customFunctions.py", line 120, in SendAction
    r = json.loads(requests.post(url = API_Login, json=data,timeout=(15, 40)).text)
  File "/Users/JanatFarooq/Documents/GitHub/sgPython/mypython/lib/python3.7/site-packages/requests/api.py", line 119, in post
    return request('post', url, data=data, json=json, **kwargs)
  File "/Users/JanatFarooq/Documents/GitHub/sgPython/mypython/lib/python3.7/site-packages/requests/api.py", line 61, in request
    return session.request(method=method, url=url, **kwargs)
  File "/Users/JanatFarooq/Documents/GitHub/sgPython/mypython/lib/python3.7/site-packages/requests/sessions.py", line 530, in request
    resp = self.send(prep, **send_kwargs)
  File "/Users/JanatFarooq/Documents/GitHub/sgPython/mypython/lib/python3.7/site-packages/requests/sessions.py", line 643, in send
    r = adapter.send(request, **kwargs)
  File "/Users/JanatFarooq/Documents/GitHub/sgPython/mypython/lib/python3.7/site-packages/requests/adapters.py", line 504, in send
    raise ConnectTimeout(e, request=request)
requests.exceptions.ConnectTimeout: HTTPSConnectionPool(host='socialplannerpro.com', port=443): Max retries exceeded with url: /API/Mobile/AppActionBulk (Caused by ConnectTimeoutError(<urllib3.connection.HTTPSConnection object at 0x1c425a4d0>, 'Connection to socialplannerpro.com timed out. (connect timeout=15)'))

###################################################################
Traceback (most recent call last):
  File "/Users/JanatFarooq/Documents/GitHub/sgPython/mypython/lib/python3.7/site-packages/urllib3/connection.py", line 160, in _new_conn
    (self._dns_host, self.port), self.timeout, **extra_kw
  File "/Users/JanatFarooq/Documents/GitHub/sgPython/mypython/lib/python3.7/site-packages/urllib3/util/connection.py", line 84, in create_connection
    raise err
  File "/Users/JanatFarooq/Documents/GitHub/sgPython/mypython/lib/python3.7/site-packages/urllib3/util/connection.py", line 74, in create_connection
    sock.connect(sa)
socket.timeout: timed out

During handling of the above exception, another exception occurred:

Traceback (most recent call last):
  File "/Users/JanatFarooq/Documents/GitHub/sgPython/mypython/lib/python3.7/site-packages/urllib3/connectionpool.py", line 677, in urlopen
    chunked=chunked,
  File "/Users/JanatFarooq/Documents/GitHub/sgPython/mypython/lib/python3.7/site-packages/urllib3/connectionpool.py", line 381, in _make_request
    self._validate_conn(conn)
  File "/Users/JanatFarooq/Documents/GitHub/sgPython/mypython/lib/python3.7/site-packages/urllib3/connectionpool.py", line 976, in _validate_conn
    conn.connect()
  File "/Users/JanatFarooq/Documents/GitHub/sgPython/mypython/lib/python3.7/site-packages/urllib3/connection.py", line 308, in connect
    conn = self._new_conn()
  File "/Users/JanatFarooq/Documents/GitHub/sgPython/mypython/lib/python3.7/site-packages/urllib3/connection.py", line 167, in _new_conn
    % (self.host, self.timeout),
urllib3.exceptions.ConnectTimeoutError: (<urllib3.connection.HTTPSConnection object at 0x1c425a4d0>, 'Connection to socialplannerpro.com timed out. (connect timeout=15)')

During handling of the above exception, another exception occurred:

Traceback (most recent call last):
  File "/Users/JanatFarooq/Documents/GitHub/sgPython/mypython/lib/python3.7/site-packages/requests/adapters.py", line 449, in send
    timeout=timeout
  File "/Users/JanatFarooq/Documents/GitHub/sgPython/mypython/lib/python3.7/site-packages/urllib3/connectionpool.py", line 725, in urlopen
    method, url, error=e, _pool=self, _stacktrace=sys.exc_info()[2]
  File "/Users/JanatFarooq/Documents/GitHub/sgPython/mypython/lib/python3.7/site-packages/urllib3/util/retry.py", line 439, in increment
    raise MaxRetryError(_pool, url, error or ResponseError(cause))
urllib3.exceptions.MaxRetryError: HTTPSConnectionPool(host='socialplannerpro.com', port=443): Max retries exceeded with url: /API/Mobile/AppActionBulk (Caused by ConnectTimeoutError(<urllib3.connection.HTTPSConnection object at 0x1c425a4d0>, 'Connection to socialplannerpro.com timed out. (connect timeout=15)'))

During handling of the above exception, another exception occurred:

Traceback (most recent call last):
  File "/Users/JanatFarooq/Documents/GitHub/sgPython/botLogic.py", line 591, in RunBot
    raise e
  File "/Users/JanatFarooq/Documents/GitHub/sgPython/botLogic.py", line 387, in RunBot
    cf.SendAction(gVars,gVars.SocialProfileId,Actions.Like,row['Username'],row['MediaId'])
  File "/Users/JanatFarooq/Documents/GitHub/sgPython/customFunctions.py", line 120, in SendAction
    r = json.loads(requests.post(url = API_Login, json=data,timeout=(15, 40)).text)
  File "/Users/JanatFarooq/Documents/GitHub/sgPython/mypython/lib/python3.7/site-packages/requests/api.py", line 119, in post
    return request('post', url, data=data, json=json, **kwargs)
  File "/Users/JanatFarooq/Documents/GitHub/sgPython/mypython/lib/python3.7/site-packages/requests/api.py", line 61, in request
    return session.request(method=method, url=url, **kwargs)
  File "/Users/JanatFarooq/Documents/GitHub/sgPython/mypython/lib/python3.7/site-packages/requests/sessions.py", line 530, in request
    resp = self.send(prep, **send_kwargs)
  File "/Users/JanatFarooq/Documents/GitHub/sgPython/mypython/lib/python3.7/site-packages/requests/sessions.py", line 643, in send
    r = adapter.send(request, **kwargs)
  File "/Users/JanatFarooq/Documents/GitHub/sgPython/mypython/lib/python3.7/site-packages/requests/adapters.py", line 504, in send
    raise ConnectTimeout(e, request=request)
requests.exceptions.ConnectTimeout: HTTPSConnectionPool(host='socialplannerpro.com', port=443): Max retries exceeded with url: /API/Mobile/AppActionBulk (Caused by ConnectTimeoutError(<urllib3.connection.HTTPSConnection object at 0x1c425a4d0>, 'Connection to socialplannerpro.com timed out. (connect timeout=15)'))

Error : Retrying in 120 seconds
Retry #4 

###################################################################
Starting Sequence
Initial info already sent
Today Stats already sent
Total time in fetching : 36929.597636
Liking : 2392217694283156538 - Wait : 40
Commenting : 2392226974591828331 - Wait : 50
UnFollow : noorchikankari - Wait : 61
UnFollow : kshayaks_partywear - Wait : 57
Commenting : 2392223775502658067 - Wait : 43
Commenting : 2392223403384229574 - Wait : 51
Liking : 2392216861772388746 - Wait : 40
Story View : stylish_collection_91 - Wait : 58
Commenting : 2392214616123058334 - Wait : 56
UnFollow : amirahsyamimi - Wait : 46
UnFollow : bhavdeep_kaur - Wait : 55
UnFollow : raos_closet - Wait : 36
UnFollow : vintage_boutique548 - Wait : 59
Liking : 2392211277423526188 - Wait : 58
Error : Api Client or Network Error occurred, Restarting
Traceback (most recent call last):
  File "/Users/JanatFarooq/Documents/GitHub/sgPython/instagram_private_api/client.py", line 547, in _call_api
    response = self.opener.open(req, timeout=self.timeout)
  File "/usr/local/Cellar/python/3.7.7/Frameworks/Python.framework/Versions/3.7/lib/python3.7/urllib/request.py", line 531, in open
    response = meth(req, response)
  File "/usr/local/Cellar/python/3.7.7/Frameworks/Python.framework/Versions/3.7/lib/python3.7/urllib/request.py", line 641, in http_response
    'http', request, response, code, msg, hdrs)
  File "/usr/local/Cellar/python/3.7.7/Frameworks/Python.framework/Versions/3.7/lib/python3.7/urllib/request.py", line 569, in error
    return self._call_chain(*args)
  File "/usr/local/Cellar/python/3.7.7/Frameworks/Python.framework/Versions/3.7/lib/python3.7/urllib/request.py", line 503, in _call_chain
    result = func(*args)
  File "/usr/local/Cellar/python/3.7.7/Frameworks/Python.framework/Versions/3.7/lib/python3.7/urllib/request.py", line 649, in http_error_default
    raise HTTPError(req.full_url, code, msg, hdrs, fp)
urllib.error.HTTPError: HTTP Error 560: -

During handling of the above exception, another exception occurred:

Traceback (most recent call last):
  File "/Users/JanatFarooq/Documents/GitHub/sgPython/botLogic.py", line 406, in RunBot
    apiW.FollowUser(api,row['UserId'])
  File "/Users/JanatFarooq/Documents/GitHub/sgPython/apiWrappers.py", line 60, in FollowUser
    api.friendships_create(userId)
  File "/Users/JanatFarooq/Documents/GitHub/sgPython/instagram_private_api/endpoints/friendships.py", line 157, in friendships_create
    res = self._call_api(endpoint, params=params)
  File "/Users/JanatFarooq/Documents/GitHub/sgPython/instagram_private_api/client.py", line 551, in _call_api
    ErrorHandler.process(e, error_response)
  File "/Users/JanatFarooq/Documents/GitHub/sgPython/instagram_private_api/errors.py", line 141, in process
    raise ClientError(error_msg, http_error.code, error_response)
instagram_private_api.errors.ClientError: -

###################################################################
Traceback (most recent call last):
  File "/Users/JanatFarooq/Documents/GitHub/sgPython/instagram_private_api/client.py", line 547, in _call_api
    response = self.opener.open(req, timeout=self.timeout)
  File "/usr/local/Cellar/python/3.7.7/Frameworks/Python.framework/Versions/3.7/lib/python3.7/urllib/request.py", line 531, in open
    response = meth(req, response)
  File "/usr/local/Cellar/python/3.7.7/Frameworks/Python.framework/Versions/3.7/lib/python3.7/urllib/request.py", line 641, in http_response
    'http', request, response, code, msg, hdrs)
  File "/usr/local/Cellar/python/3.7.7/Frameworks/Python.framework/Versions/3.7/lib/python3.7/urllib/request.py", line 569, in error
    return self._call_chain(*args)
  File "/usr/local/Cellar/python/3.7.7/Frameworks/Python.framework/Versions/3.7/lib/python3.7/urllib/request.py", line 503, in _call_chain
    result = func(*args)
  File "/usr/local/Cellar/python/3.7.7/Frameworks/Python.framework/Versions/3.7/lib/python3.7/urllib/request.py", line 649, in http_error_default
    raise HTTPError(req.full_url, code, msg, hdrs, fp)
urllib.error.HTTPError: HTTP Error 560: -

During handling of the above exception, another exception occurred:

Traceback (most recent call last):
  File "/Users/JanatFarooq/Documents/GitHub/sgPython/botLogic.py", line 584, in RunBot
    raise e
  File "/Users/JanatFarooq/Documents/GitHub/sgPython/botLogic.py", line 406, in RunBot
    apiW.FollowUser(api,row['UserId'])
  File "/Users/JanatFarooq/Documents/GitHub/sgPython/apiWrappers.py", line 60, in FollowUser
    api.friendships_create(userId)
  File "/Users/JanatFarooq/Documents/GitHub/sgPython/instagram_private_api/endpoints/friendships.py", line 157, in friendships_create
    res = self._call_api(endpoint, params=params)
  File "/Users/JanatFarooq/Documents/GitHub/sgPython/instagram_private_api/client.py", line 551, in _call_api
    ErrorHandler.process(e, error_response)
  File "/Users/JanatFarooq/Documents/GitHub/sgPython/instagram_private_api/errors.py", line 141, in process
    raise ClientError(error_msg, http_error.code, error_response)
instagram_private_api.errors.ClientError: -

Error : Retrying in 150 seconds
Retry #5 

###################################################################
Starting Sequence
Initial info already sent
Today Stats already sent
Total time in fetching : 37851.48456
Following : mishi_khan_official - Wait : 53
UnFollow : brandaffectionuk - Wait : 49
Following : usman_zubair - Wait : 58
Commenting : 2392222363632835440 - Wait : 46
UnFollow : bushra.butt.54 - Wait : 52
Commenting : 2392222365142784667 - Wait : 56
Commenting : 2392214070773421355 - Wait : 54
Liking : 2392210003706844739 - Wait : 57
Liking : 2392209768624684510 - Wait : 62
Following : abbasheena - Wait : 43
Liking : 2392227514623023162 - Wait : 39
Following : munibnawaz - Wait : 40
UnFollow : sangeetaapal - Wait : 57
UnFollow : bethany_wray - Wait : 59
Story View : shemales_in_lahore - Wait : 51
UnFollow : ar.jihankhan - Wait : 36
Commenting : 2392170526162667775 - Wait : 39
UnFollow : scroll_n_shop_ - Wait : 59
Following : ishq_murshad - Wait : 50
Commenting : 2392163530012231471 - Wait : 43
Commenting : 2392079175111712054 - Wait : 42
UnFollow : girly_outfit8 - Wait : 50
Liking : 2392223567036490936 - Wait : 40
UnFollow : ethnic_closet_by_arushi - Wait : 47
Following : shemale.dating.in.lahore - Wait : 47
UnFollow : nazakatbysafaaccessories - Wait : 54
Commenting : 2392055252258933775 - Wait : 51
Liking : 2392223365434117192 - Wait : 64
Error :  Media deleted 2392223365434117192  Bad Request: Sorry, this media has been deleted (Code: 400, Response: {"message": "Sorry, this media has been deleted", "like_error_key": "like_media_does_not_exist", "status": "fail"})
Story View : mkalhamadi - Wait : 47
Liking : 2392212790546113676 - Wait : 60
Commenting : 2389448968169297566 - Wait : 64
Following : kaifa_khalid - Wait : 41
UnFollow : srdesigner06 - Wait : 35
UnFollow : bhaviarts - Wait : 37
Following : moayed_bakhsh - Wait : 41
Story View : zainbaigofficial - Wait : 52
UnFollow : kajalfreak_chockie - Wait : 43
Following : marriahassan_ - Wait : 63
Commenting : 2306258617261600843 - Wait : 42
Liking : 2392202877006104828 - Wait : 62
Commenting : 2389508362951187830 - Wait : 62
Liking : 2392202663591628402 - Wait : 52
UnFollow : lehengha.collection - Wait : 38
Liking : 2392202476340929064 - Wait : 47
Commenting : 2389360564127133864 - Wait : 50
Commenting : 2338708767216315573 - Wait : 45
Story View : womensringar - Wait : 52
Following : rizvi_blog - Wait : 39
UnFollow : seemasareesofficial - Wait : 46
Following : lifeofafoodie_khi - Wait : 56
Following : _laibyy_ - Wait : 46
Commenting : 2096674652847238573 - Wait : 41
Liking : 2392196969370309838 - Wait : 35
Liking : 2392193883058972638 - Wait : 56
Following : ezah_qureshi - Wait : 46
UnFollow : lehengha.collection - Wait : 38
Liking : 2392185082208849766 - Wait : 45
Liking : 2392107830067157561 - Wait : 37
Following : anushaesays - Wait : 36
Liking : 2392040854011718428 - Wait : 61
Commenting : 2208811797513890021 - Wait : 48
Following : bykainat_ - Wait : 61
Following : blogsftsaudayy - Wait : 38
Commenting : 2243760229601024982 - Wait : 55
Commenting : 1982722244396416759 - Wait : 48
Following : glam_up_.babyx - Wait : 35
UnFollow : girls_gorgeous_wear - Wait : 42
Commenting : 2324590953720772921 - Wait : 46
Following : zainabzumi - Wait : 50
UnFollow : girls_gorgeous_wear - Wait : 38
UnFollow : femme_fatale988 - Wait : 53
Liking : 2195608343656512280 - Wait : 60
UnFollow : zainbaigofficial - Wait : 64
Liking : 2005086249686939192 - Wait : 35
Following : rahatghani3 - Wait : 52
Following : mawrellous - Wait : 35
UnFollow : marcojimenez9 - Wait : 40
Liking : 2032308222194596187 - Wait : 64
UnFollow : withlove.maddy - Wait : 54
Commenting : 2378531450399415579 - Wait : 60
Commenting : 2226508033605053753 - Wait : 53
Following : food___planet - Wait : 59
Liking : 2334552237086258006 - Wait : 55
Following : shemale_dating_of_lahore - Wait : 44
UnFollow : oye.bazz.a.jaa - Wait : 55
Story View : inara_by_payal - Wait : 41
Commenting : 2390115506507315325 - Wait : 53
Following : hirabasir - Wait : 37
UnFollow : pakistanionlineboutique - Wait : 36
Commenting : 2387169296347559616 - Wait : 64
Liking : 2364640782402911836 - Wait : 39
Liking : 2389023094411332944 - Wait : 59
Story View : roquia.sabri - Wait : 60
Story View : sha.sumz - Wait : 48
UnFollow : yaser.altaf - Wait : 61
Story View : louiseeoliveiraa - Wait : 55
Error : Exception occurred in actions, restarting
Traceback (most recent call last):
  File "/Users/JanatFarooq/Documents/GitHub/sgPython/mypython/lib/python3.7/site-packages/urllib3/connectionpool.py", line 381, in _make_request
    self._validate_conn(conn)
  File "/Users/JanatFarooq/Documents/GitHub/sgPython/mypython/lib/python3.7/site-packages/urllib3/connectionpool.py", line 976, in _validate_conn
    conn.connect()
  File "/Users/JanatFarooq/Documents/GitHub/sgPython/mypython/lib/python3.7/site-packages/urllib3/connection.py", line 370, in connect
    ssl_context=context,
  File "/Users/JanatFarooq/Documents/GitHub/sgPython/mypython/lib/python3.7/site-packages/urllib3/util/ssl_.py", line 377, in ssl_wrap_socket
    return context.wrap_socket(sock, server_hostname=server_hostname)
  File "/usr/local/Cellar/python/3.7.7/Frameworks/Python.framework/Versions/3.7/lib/python3.7/ssl.py", line 423, in wrap_socket
    session=session
  File "/usr/local/Cellar/python/3.7.7/Frameworks/Python.framework/Versions/3.7/lib/python3.7/ssl.py", line 870, in _create
    self.do_handshake()
  File "/usr/local/Cellar/python/3.7.7/Frameworks/Python.framework/Versions/3.7/lib/python3.7/ssl.py", line 1139, in do_handshake
    self._sslobj.do_handshake()
socket.timeout: _ssl.c:1059: The handshake operation timed out

During handling of the above exception, another exception occurred:

Traceback (most recent call last):
  File "/Users/JanatFarooq/Documents/GitHub/sgPython/mypython/lib/python3.7/site-packages/requests/adapters.py", line 449, in send
    timeout=timeout
  File "/Users/JanatFarooq/Documents/GitHub/sgPython/mypython/lib/python3.7/site-packages/urllib3/connectionpool.py", line 725, in urlopen
    method, url, error=e, _pool=self, _stacktrace=sys.exc_info()[2]
  File "/Users/JanatFarooq/Documents/GitHub/sgPython/mypython/lib/python3.7/site-packages/urllib3/util/retry.py", line 403, in increment
    raise six.reraise(type(error), error, _stacktrace)
  File "/Users/JanatFarooq/Documents/GitHub/sgPython/mypython/lib/python3.7/site-packages/urllib3/packages/six.py", line 735, in reraise
    raise value
  File "/Users/JanatFarooq/Documents/GitHub/sgPython/mypython/lib/python3.7/site-packages/urllib3/connectionpool.py", line 677, in urlopen
    chunked=chunked,
  File "/Users/JanatFarooq/Documents/GitHub/sgPython/mypython/lib/python3.7/site-packages/urllib3/connectionpool.py", line 384, in _make_request
    self._raise_timeout(err=e, url=url, timeout_value=conn.timeout)
  File "/Users/JanatFarooq/Documents/GitHub/sgPython/mypython/lib/python3.7/site-packages/urllib3/connectionpool.py", line 336, in _raise_timeout
    self, url, "Read timed out. (read timeout=%s)" % timeout_value
urllib3.exceptions.ReadTimeoutError: HTTPSConnectionPool(host='socialplannerpro.com', port=443): Read timed out. (read timeout=15)

During handling of the above exception, another exception occurred:

Traceback (most recent call last):
  File "/Users/JanatFarooq/Documents/GitHub/sgPython/botLogic.py", line 415, in RunBot
    cf.SendAction(gVars,gVars.SocialProfileId,Actions.Follow,row['Username'],'')
  File "/Users/JanatFarooq/Documents/GitHub/sgPython/customFunctions.py", line 120, in SendAction
    r = json.loads(requests.post(url = API_Login, json=data,timeout=(15, 40)).text)
  File "/Users/JanatFarooq/Documents/GitHub/sgPython/mypython/lib/python3.7/site-packages/requests/api.py", line 119, in post
    return request('post', url, data=data, json=json, **kwargs)
  File "/Users/JanatFarooq/Documents/GitHub/sgPython/mypython/lib/python3.7/site-packages/requests/api.py", line 61, in request
    return session.request(method=method, url=url, **kwargs)
  File "/Users/JanatFarooq/Documents/GitHub/sgPython/mypython/lib/python3.7/site-packages/requests/sessions.py", line 530, in request
    resp = self.send(prep, **send_kwargs)
  File "/Users/JanatFarooq/Documents/GitHub/sgPython/mypython/lib/python3.7/site-packages/requests/sessions.py", line 643, in send
    r = adapter.send(request, **kwargs)
  File "/Users/JanatFarooq/Documents/GitHub/sgPython/mypython/lib/python3.7/site-packages/requests/adapters.py", line 529, in send
    raise ReadTimeout(e, request=request)
requests.exceptions.ReadTimeout: HTTPSConnectionPool(host='socialplannerpro.com', port=443): Read timed out. (read timeout=15)

###################################################################
Traceback (most recent call last):
  File "/Users/JanatFarooq/Documents/GitHub/sgPython/mypython/lib/python3.7/site-packages/urllib3/connectionpool.py", line 381, in _make_request
    self._validate_conn(conn)
  File "/Users/JanatFarooq/Documents/GitHub/sgPython/mypython/lib/python3.7/site-packages/urllib3/connectionpool.py", line 976, in _validate_conn
    conn.connect()
  File "/Users/JanatFarooq/Documents/GitHub/sgPython/mypython/lib/python3.7/site-packages/urllib3/connection.py", line 370, in connect
    ssl_context=context,
  File "/Users/JanatFarooq/Documents/GitHub/sgPython/mypython/lib/python3.7/site-packages/urllib3/util/ssl_.py", line 377, in ssl_wrap_socket
    return context.wrap_socket(sock, server_hostname=server_hostname)
  File "/usr/local/Cellar/python/3.7.7/Frameworks/Python.framework/Versions/3.7/lib/python3.7/ssl.py", line 423, in wrap_socket
    session=session
  File "/usr/local/Cellar/python/3.7.7/Frameworks/Python.framework/Versions/3.7/lib/python3.7/ssl.py", line 870, in _create
    self.do_handshake()
  File "/usr/local/Cellar/python/3.7.7/Frameworks/Python.framework/Versions/3.7/lib/python3.7/ssl.py", line 1139, in do_handshake
    self._sslobj.do_handshake()
socket.timeout: _ssl.c:1059: The handshake operation timed out

During handling of the above exception, another exception occurred:

Traceback (most recent call last):
  File "/Users/JanatFarooq/Documents/GitHub/sgPython/mypython/lib/python3.7/site-packages/requests/adapters.py", line 449, in send
    timeout=timeout
  File "/Users/JanatFarooq/Documents/GitHub/sgPython/mypython/lib/python3.7/site-packages/urllib3/connectionpool.py", line 725, in urlopen
    method, url, error=e, _pool=self, _stacktrace=sys.exc_info()[2]
  File "/Users/JanatFarooq/Documents/GitHub/sgPython/mypython/lib/python3.7/site-packages/urllib3/util/retry.py", line 403, in increment
    raise six.reraise(type(error), error, _stacktrace)
  File "/Users/JanatFarooq/Documents/GitHub/sgPython/mypython/lib/python3.7/site-packages/urllib3/packages/six.py", line 735, in reraise
    raise value
  File "/Users/JanatFarooq/Documents/GitHub/sgPython/mypython/lib/python3.7/site-packages/urllib3/connectionpool.py", line 677, in urlopen
    chunked=chunked,
  File "/Users/JanatFarooq/Documents/GitHub/sgPython/mypython/lib/python3.7/site-packages/urllib3/connectionpool.py", line 384, in _make_request
    self._raise_timeout(err=e, url=url, timeout_value=conn.timeout)
  File "/Users/JanatFarooq/Documents/GitHub/sgPython/mypython/lib/python3.7/site-packages/urllib3/connectionpool.py", line 336, in _raise_timeout
    self, url, "Read timed out. (read timeout=%s)" % timeout_value
urllib3.exceptions.ReadTimeoutError: HTTPSConnectionPool(host='socialplannerpro.com', port=443): Read timed out. (read timeout=15)

During handling of the above exception, another exception occurred:

Traceback (most recent call last):
  File "/Users/JanatFarooq/Documents/GitHub/sgPython/botLogic.py", line 591, in RunBot
    raise e
  File "/Users/JanatFarooq/Documents/GitHub/sgPython/botLogic.py", line 415, in RunBot
    cf.SendAction(gVars,gVars.SocialProfileId,Actions.Follow,row['Username'],'')
  File "/Users/JanatFarooq/Documents/GitHub/sgPython/customFunctions.py", line 120, in SendAction
    r = json.loads(requests.post(url = API_Login, json=data,timeout=(15, 40)).text)
  File "/Users/JanatFarooq/Documents/GitHub/sgPython/mypython/lib/python3.7/site-packages/requests/api.py", line 119, in post
    return request('post', url, data=data, json=json, **kwargs)
  File "/Users/JanatFarooq/Documents/GitHub/sgPython/mypython/lib/python3.7/site-packages/requests/api.py", line 61, in request
    return session.request(method=method, url=url, **kwargs)
  File "/Users/JanatFarooq/Documents/GitHub/sgPython/mypython/lib/python3.7/site-packages/requests/sessions.py", line 530, in request
    resp = self.send(prep, **send_kwargs)
  File "/Users/JanatFarooq/Documents/GitHub/sgPython/mypython/lib/python3.7/site-packages/requests/sessions.py", line 643, in send
    r = adapter.send(request, **kwargs)
  File "/Users/JanatFarooq/Documents/GitHub/sgPython/mypython/lib/python3.7/site-packages/requests/adapters.py", line 529, in send
    raise ReadTimeout(e, request=request)
requests.exceptions.ReadTimeout: HTTPSConnectionPool(host='socialplannerpro.com', port=443): Read timed out. (read timeout=15)

Error : Retrying in 180 seconds
Retry #6 

###################################################################
Starting Sequence
Initial info already sent
Today Stats already sent
Total time in fetching : 43235.650979
Following : sehargulkhanofficial - Wait : 59
Following : the_restaurant_girl_ - Wait : 62
UnFollow : chachu_ki_chalakiyan - Wait : 44
Liking : 2388450201859001214 - Wait : 45
UnFollow : funnypeople_2 - Wait : 56
Following : foodamare - Wait : 48
UnFollow : kolkata_fashion_.09 - Wait : 39
UnFollow : rohan_mahajan29 - Wait : 62
Story View : ronachaniago_ - Wait : 38
Liking : 2388018892611387940 - Wait : 35
UnFollow : nawabiiiiii - Wait : 38
Commenting : 2388665684848836972 - Wait : 38
Commenting : 1949954164983113368 - Wait : 48
Error : Comment media deleted 1949954164983113368  feedback_required (Code: 400, Response: {"message": "feedback_required", "comment_error_key": "comment_media_does_not_exist", "feedback_ignore_label": "OK", "feedback_title": "Couldn't Post Your Comment", "feedback_message": "The post you were viewing has been deleted.", "feedback_required": true, "status": "fail"})
UnFollow : pri_yankchaturvedi - Wait : 64
Commenting : 2000926849131205924 - Wait : 62
Commenting : 2376277957538076372 - Wait : 44
Liking : 1861098947691783323 - Wait : 58
UnFollow : stylewithrohit - Wait : 63
Liking : 2283552362486543934 - Wait : 41
Liking : 2229388613274049313 - Wait : 53
Liking : 2387925679162505199 - Wait : 35
UnFollow : theaathmeyahboutique - Wait : 38
Following : mirarifurniture - Wait : 51
UnFollow : theaathmeyahboutique - Wait : 42
UnFollow : caitlin_a_parker - Wait : 36
Story View : caitlin_a_parker - Wait : 58
Liking : 2356669572939801327 - Wait : 54
Following : hemayal - Wait : 44
UnFollow : eshwarakondedeshmukh - Wait : 45
Commenting : 2152488547167600060 - Wait : 48
Following : alizahshahoficial - Wait : 61
Commenting : 2047325221094332974 - Wait : 45
Commenting : 2146674373535552710 - Wait : 44
Liking : 2389413503558257095 - Wait : 55
Liking : 2347913177318345067 - Wait : 37
Commenting : 2384229565257418425 - Wait : 41
Commenting : 2387700901923144817 - Wait : 57
Following : salmanaftab - Wait : 53
Liking : 2378365507633176081 - Wait : 62
Liking : 1895798718571467532 - Wait : 57
Commenting : 2388633192953406645 - Wait : 35
Following : shahveer_slayys - Wait : 50
Liking : 2193503889800895872 - Wait : 41
Story View : jeznah_ebrahem_alie - Wait : 53
Liking : 2219145672255817367 - Wait : 55
Liking : 2388763794274060703 - Wait : 64
Story View : sofia.pires.fitness - Wait : 47
Following : fatmagunaydnnn - Wait : 36
Commenting : 2013010351242835074 - Wait : 63
Liking : 2390235854275804357 - Wait : 49
Liking : 2081282862702731278 - Wait : 55
Following : valerikamaria - Wait : 37
Liking : 2097113256727830013 - Wait : 57
Commenting : 2389587075149404289 - Wait : 56
Following : oshdubai - Wait : 41
Liking : 2337210263209717758 - Wait : 47
Liking : 2079783329825184471 - Wait : 47
Following : _tiya_mariya - Wait : 52
Following : unclesaagar - Wait : 52
Liking : 2379682284108589848 - Wait : 49
Commenting : 1697944786601239920 - Wait : 55
Following : dach___ - Wait : 41
Liking : 2388077500319663581 - Wait : 58
Commenting : 2389389061830603771 - Wait : 61
Following : dubaigirls.hy - Wait : 45
Story View : label_ziba - Wait : 37
Following : jane.nvk - Wait : 61
Following : asiya260606 - Wait : 52
Following : nusratsalon - Wait : 54
Following : aliha5500 - Wait : 55
Following : asl_a.s - Wait : 42
Story View : aminadapanda - Wait : 35
Liking : 2389551908032632065 - Wait : 51
Liking : 2389615215940697086 - Wait : 59
Liking : 2389613413094846313 - Wait : 51
Commenting : 2185825563595664688 - Wait : 41
Liking : 1721290151383477393 - Wait : 53
Commenting : 2220400098293153391 - Wait : 49
Commenting : 2385031270017453822 - Wait : 59
Following : the_foody_guy_ - Wait : 44
Liking : 2390288359000960906 - Wait : 38
Story View : stylewithrohit - Wait : 35
Liking : 2389582901497287664 - Wait : 41
Liking : 2388749968306737426 - Wait : 64
Commenting : 2359706643770873534 - Wait : 38
Liking : 2388693958686282013 - Wait : 39
Commenting : 1300072514105719444 - Wait : 45
Following : _thedivya - Wait : 35
Liking : 2387344675458952217 - Wait : 44
Liking : 2389743453975877857 - Wait : 48
Liking : 2389278654436662496 - Wait : 56
Commenting : 2219605956618881267 - Wait : 48
Error : Comment media deleted 2219605956618881267  feedback_required (Code: 400, Response: {"message": "feedback_required", "comment_error_key": "comment_media_does_not_exist", "feedback_ignore_label": "OK", "feedback_title": "Couldn't Post Your Comment", "feedback_message": "The post you were viewing is no longer available.", "feedback_required": true, "status": "fail"})
Commenting : 2388458594435406074 - Wait : 39
Following : jeepsandland - Wait : 57
Story View : nazakatbysafaaccessories - Wait : 62
Story View : lucknowi_lovers - Wait : 55
Commenting : 2389661033294123351 - Wait : 35
Commenting : 2388430778951610294 - Wait : 52
Commenting : 2389020955860384562 - Wait : 56
Following : aesthetics._73 - Wait : 55
Commenting : 2389168851231077108 - Wait : 42
Following : chai_with_noor - Wait : 53
Following : emily.feld - Wait : 44
Following : marooogakofficial - Wait : 47
Liking : 2389579812619758549 - Wait : 40
Liking : 2198197294243714294 - Wait : 63
Commenting : 2389424572251548856 - Wait : 46
Liking : 2389491943007890801 - Wait : 39
Liking : 2389546242299157108 - Wait : 62
Liking : 2232090433067370114 - Wait : 43
Liking : 2355753354167330122 - Wait : 41
Commenting : 2389261611696030859 - Wait : 60
Story View : nawabiiiiii - Wait : 54
Commenting : 2388699384478748330 - Wait : 37
Story View : bethany_wray - Wait : 59
Commenting : 2389298691220854198 - Wait : 50
Liking : 2385618709061776800 - Wait : 56
Commenting : 1758147701608592966 - Wait : 42
Following : kellom - Wait : 60
Commenting : 2389360564127133864 - Wait : 49
Liking : 2288300284039876554 - Wait : 36
Following : iambiance - Wait : 47
Commenting : 2387994785379119605 - Wait : 59
Following : beautiful_lanarose - Wait : 47
Following : shanaportes - Wait : 38
Liking : 2362548017351772466 - Wait : 38
Story View : opmshoots - Wait : 47
Liking : 2376939337738388942 - Wait : 60
Following : jakeyjfit - Wait : 55
Commenting : 2386592153541252366 - Wait : 55
Following : nomercyeva - Wait : 48
Liking : 2385508281667194726 - Wait : 55
Commenting : 2388545508282342261 - Wait : 53
Error : Comment media deleted 2388545508282342261  feedback_required (Code: 400, Response: {"message": "feedback_required", "comment_error_key": "comment_media_does_not_exist", "feedback_ignore_label": "OK", "feedback_title": "Couldn't Post Your Comment", "feedback_message": "The post you were viewing is no longer available.", "feedback_required": true, "status": "fail"})
Liking : 2388715177114693768 - Wait : 56
Liking : 2389727209184245824 - Wait : 44
Story View : pur_touristik - Wait : 39
Story View : snigdhasgarb - Wait : 43
Commenting : 2289660006203128339 - Wait : 63
Commenting : 2392230176420677048 - Wait : 53
Liking : 2389338261913155480 - Wait : 49
Following : bazlatauqir - Wait : 42
Commenting : 2179194869594020919 - Wait : 62
Story View : mwaj_ahmed - Wait : 49
Story View : chilia_chilia - Wait : 43
Story View : sorayazapata - Wait : 48
Commenting : 1596102047566940195 - Wait : 62
Commenting : 2389486743243107085 - Wait : 38
Liking : 2388227807915800449 - Wait : 50
Commenting : 2391905104338221247 - Wait : 43
Following : usman_zubair - Wait : 48
Commenting : 2391374379876654799 - Wait : 35
Commenting : 2392209084551309922 - Wait : 35
Liking : 2389204977156470467 - Wait : 58
Story View : quinxblog._ - Wait : 54
Following : mahathings007 - Wait : 36
Following : ridashah_._ - Wait : 42
Following : saniakhn04 - Wait : 39
Commenting : 1889848357917118798 - Wait : 60
Liking : 2387914436994475892 - Wait : 59
Commenting : 2001803181559872709 - Wait : 39
Liking : 2388535797923294585 - Wait : 42
Story View : sketches_bling_on - Wait : 42
Liking : 2390316502288304167 - Wait : 58
Following : ishq_murshad - Wait : 62
Liking : 2195608343656512280 - Wait : 41
Commenting : 2391760475198436764 - Wait : 49
Liking : 2380759291331473474 - Wait : 41
Story View : shee.n75 - Wait : 51
Commenting : 2390293700842100670 - Wait : 48
Commenting : 2072461419199994325 - Wait : 54
Story View : aanshimishraa - Wait : 45
Liking : 2383426106645808062 - Wait : 46
Commenting : 2076025618780298217 - Wait : 46
Liking : 2005086249686939192 - Wait : 38
Following : kanwalaftab136 - Wait : 38
Liking : 2032308222194596187 - Wait : 64
Liking : 2209544558638129794 - Wait : 43
Liking : 2389508362951187830 - Wait : 61
Story View : girly_outfit8 - Wait : 41
Following : zalim._.writer - Wait : 55
Liking : 2338708767216315573 - Wait : 53
Commenting : 2392189889040780953 - Wait : 49
Liking : 2388450201859001214 - Wait : 64
Commenting : 2375613357694400920 - Wait : 61
Commenting : 2384240099527617064 - Wait : 62
Liking : 1861098947691783323 - Wait : 44
Story View : hirableeh - Wait : 37
Story View : billifreakk - Wait : 42
Liking : 2283552362486543934 - Wait : 48
Following : stylish.pakistan - Wait : 41
Following : shemale.dating.in.lahore - Wait : 49
Liking : 2388274275310971560 - Wait : 64
Following : kaifa_khalid - Wait : 35
Liking : 2391756086060760673 - Wait : 57
Commenting : 2392190505720059009 - Wait : 53
Error : Comment media deleted 2392190505720059009  feedback_required (Code: 400, Response: {"message": "feedback_required", "comment_error_key": "comment_media_does_not_exist", "feedback_ignore_label": "OK", "feedback_title": "Couldn't Post Your Comment", "feedback_message": "The post you were viewing is no longer available.", "feedback_required": true, "status": "fail"})
Commenting : 2391547369139504775 - Wait : 37
Story View : labeljiyani - Wait : 44
Following : moayed_bakhsh - Wait : 53
Commenting : 2391755271092152739 - Wait : 64
Liking : 2391416913885813626 - Wait : 61
Liking : 2359583686105794147 - Wait : 46
Story View : arzoo_zafari - Wait : 62
Story View : alinasvibes - Wait : 58
Liking : 2391859970682672657 - Wait : 55
Commenting : 1940597141312728243 - Wait : 59
Following : ihamnachaudhary - Wait : 45
Liking : 2390638348261995202 - Wait : 35
Commenting : 1728297089316577447 - Wait : 42
Commenting : 2370287307044578322 - Wait : 39
Commenting : 2391546858122403950 - Wait : 58
Liking : 2390730192697047535 - Wait : 61
Following : tanveernadia55 - Wait : 45
Following : feridun_moda - Wait : 49
Following : araaish_collection_official - Wait : 40
Liking : 2299062997924913899 - Wait : 41
Commenting : 2392155975325104637 - Wait : 58
Error : Comment media deleted 2392155975325104637  feedback_required (Code: 400, Response: {"message": "feedback_required", "comment_error_key": "comment_comments_disabled", "feedback_ignore_label": "OK", "feedback_title": "Commenting is Off", "feedback_message": "dayar.e.dil_writes has turned off comments for this post.", "feedback_required": true, "comments_disabled": true, "status": "fail"})
Commenting : 2382226893737621562 - Wait : 55
Error : Comment media deleted 2382226893737621562  feedback_required (Code: 400, Response: {"message": "feedback_required", "comment_error_key": "comment_si_blocked", "spam": true, "feedback_title": "Try Again Later", "feedback_message": "We limit how often you can do certain things on Instagram, like commenting, to protect our community. Tell us if you think we made a mistake.", "feedback_url": "repute/report_problem/instagram_comment/", "feedback_appeal_label": "Report problem", "feedback_ignore_label": "OK", "feedback_action": "report_problem", "status": "fail"})
Following : mubashra2008 - Wait : 53
Commenting : 2374052324576615114 - Wait : 36
Error : Comment media deleted 2374052324576615114  feedback_required (Code: 400, Response: {"message": "feedback_required", "comment_error_key": "comment_si_blocked", "spam": true, "feedback_title": "Try Again Later", "feedback_message": "We limit how often you can do certain things on Instagram, like commenting, to protect our community. Tell us if you think we made a mistake.", "feedback_url": "repute/report_problem/instagram_comment/", "feedback_appeal_label": "Report problem", "feedback_ignore_label": "OK", "feedback_action": "report_problem", "status": "fail"})
Following : ranazaru2 - Wait : 45
Commenting : 2368139764869625276 - Wait : 60
Error : Comment media deleted 2368139764869625276  feedback_required (Code: 400, Response: {"message": "feedback_required", "comment_error_key": "comment_si_blocked", "spam": true, "feedback_title": "Try Again Later", "feedback_message": "We limit how often you can do certain things on Instagram, like commenting, to protect our community. Tell us if you think we made a mistake.", "feedback_url": "repute/report_problem/instagram_comment/", "feedback_appeal_label": "Report problem", "feedback_ignore_label": "OK", "feedback_action": "report_problem", "status": "fail"})
Liking : 2392224881632067286 - Wait : 44
Following : _dhanak_ - Wait : 54
Following : kainat6980 - Wait : 36
Story View : slaarasofficial - Wait : 37
Commenting : 2392219986821605924 - Wait : 53
Error : Comment media deleted 2392219986821605924  feedback_required (Code: 400, Response: {"message": "feedback_required", "comment_error_key": "comment_si_blocked", "spam": true, "feedback_title": "Try Again Later", "feedback_message": "We limit how often you can do certain things on Instagram, like commenting, to protect our community. Tell us if you think we made a mistake.", "feedback_url": "repute/report_problem/instagram_comment/", "feedback_appeal_label": "Report problem", "feedback_ignore_label": "OK", "feedback_action": "report_problem", "status": "fail"})
Story View : lillianabowrey - Wait : 42
Liking : 2360455071351126596 - Wait : 59
Liking : 1551758020823705772 - Wait : 53
Liking : 2391735535917250314 - Wait : 45
Commenting : 2391049797126747509 - Wait : 44
Error : Comment media deleted 2391049797126747509  feedback_required (Code: 400, Response: {"message": "feedback_required", "comment_error_key": "comment_si_blocked", "spam": true, "feedback_title": "Try Again Later", "feedback_message": "We limit how often you can do certain things on Instagram, like commenting, to protect our community. Tell us if you think we made a mistake.", "feedback_url": "repute/report_problem/instagram_comment/", "feedback_appeal_label": "Report problem", "feedback_ignore_label": "OK", "feedback_action": "report_problem", "status": "fail"})
Liking : 2391516358938748949 - Wait : 52
Following : lejao.sab.lejao.pk - Wait : 46
Liking : 2387101543565725142 - Wait : 54
Following : insiabutool - Wait : 53
Liking : 2374166061326351462 - Wait : 45
Following : fatimausman2233 - Wait : 45
Liking : 2392160821097885817 - Wait : 41
Liking : 2392208163237289822 - Wait : 61
Commenting : 2391250116062313812 - Wait : 51
Error : Comment media deleted 2391250116062313812  feedback_required (Code: 400, Response: {"message": "feedback_required", "comment_error_key": "comment_si_blocked", "spam": true, "feedback_title": "Try Again Later", "feedback_message": "We limit how often you can do certain things on Instagram, like commenting, to protect our community. Tell us if you think we made a mistake.", "feedback_url": "repute/report_problem/instagram_comment/", "feedback_appeal_label": "Report problem", "feedback_ignore_label": "OK", "feedback_action": "report_problem", "status": "fail"})
Liking : 2237787603427700052 - Wait : 43
Commenting : 2390051253521846552 - Wait : 45
Error : Comment media deleted 2390051253521846552  feedback_required (Code: 400, Response: {"message": "feedback_required", "comment_error_key": "comment_si_blocked", "spam": true, "feedback_title": "Try Again Later", "feedback_message": "We limit how often you can do certain things on Instagram, like commenting, to protect our community. Tell us if you think we made a mistake.", "feedback_url": "repute/report_problem/instagram_comment/", "feedback_appeal_label": "Report problem", "feedback_ignore_label": "OK", "feedback_action": "report_problem", "status": "fail"})
Following : sanad753 - Wait : 54
Story View : amirahsyamimi - Wait : 55
Liking : 2392160096068445699 - Wait : 46
Story View : kashmiirii - Wait : 55
Liking : 2391525484032538333 - Wait : 40
Story View : nazakatbysafa - Wait : 44
Following : preloved_couture_lahore - Wait : 55
Following : chillzindagi1 - Wait : 43
Liking : 2339768499916114121 - Wait : 44
Liking : 2389403878134046901 - Wait : 53
Commenting : 2391969288758934571 - Wait : 56
Error : Comment media deleted 2391969288758934571  feedback_required (Code: 400, Response: {"message": "feedback_required", "comment_error_key": "comment_si_blocked", "spam": true, "feedback_title": "Try Again Later", "feedback_message": "We limit how often you can do certain things on Instagram, like commenting, to protect our community. Tell us if you think we made a mistake.", "feedback_url": "repute/report_problem/instagram_comment/", "feedback_appeal_label": "Report problem", "feedback_ignore_label": "OK", "feedback_action": "report_problem", "status": "fail"})
Commenting : 2392144062965067404 - Wait : 36
Error : Comment media deleted 2392144062965067404  feedback_required (Code: 400, Response: {"message": "feedback_required", "comment_error_key": "comment_si_blocked", "spam": true, "feedback_title": "Try Again Later", "feedback_message": "We limit how often you can do certain things on Instagram, like commenting, to protect our community. Tell us if you think we made a mistake.", "feedback_url": "repute/report_problem/instagram_comment/", "feedback_appeal_label": "Report problem", "feedback_ignore_label": "OK", "feedback_action": "report_problem", "status": "fail"})
Commenting : 2391976818069879201 - Wait : 55
Error : Comment media deleted 2391976818069879201  feedback_required (Code: 400, Response: {"message": "feedback_required", "comment_error_key": "comment_si_blocked", "spam": true, "feedback_title": "Try Again Later", "feedback_message": "We limit how often you can do certain things on Instagram, like commenting, to protect our community. Tell us if you think we made a mistake.", "feedback_url": "repute/report_problem/instagram_comment/", "feedback_appeal_label": "Report problem", "feedback_ignore_label": "OK", "feedback_action": "report_problem", "status": "fail"})
Story View : alishbahannjum - Wait : 54
Following : anonyms_writes_ - Wait : 35
Story View : aaniatblog - Wait : 44
Following : fashioniq_8 - Wait : 50
Story View : somairaatharuddin - Wait : 64
Following : nismakhan6 - Wait : 57
Following : ria.noon - Wait : 53
Following : aqsayousaf7272 - Wait : 62
Commenting : 2391452638863296983 - Wait : 56
Error : Comment media deleted 2391452638863296983  feedback_required (Code: 400, Response: {"message": "feedback_required", "comment_error_key": "comment_si_blocked", "spam": true, "feedback_title": "Try Again Later", "feedback_message": "We limit how often you can do certain things on Instagram, like commenting, to protect our community. Tell us if you think we made a mistake.", "feedback_url": "repute/report_problem/instagram_comment/", "feedback_appeal_label": "Report problem", "feedback_ignore_label": "OK", "feedback_action": "report_problem", "status": "fail"})
Story View : flex.86 - Wait : 44
Commenting : 2392163023804628517 - Wait : 38
Error : Comment media deleted 2392163023804628517  feedback_required (Code: 400, Response: {"message": "feedback_required", "comment_error_key": "comment_si_blocked", "spam": true, "feedback_title": "Try Again Later", "feedback_message": "We limit how often you can do certain things on Instagram, like commenting, to protect our community. Tell us if you think we made a mistake.", "feedback_url": "repute/report_problem/instagram_comment/", "feedback_appeal_label": "Report problem", "feedback_ignore_label": "OK", "feedback_action": "report_problem", "status": "fail"})
Liking : 2392220526687600828 - Wait : 35
Commenting : 2250734112612298181 - Wait : 56
Error : Comment media deleted 2250734112612298181  feedback_required (Code: 400, Response: {"message": "feedback_required", "comment_error_key": "comment_si_blocked", "spam": true, "feedback_title": "Try Again Later", "feedback_message": "We limit how often you can do certain things on Instagram, like commenting, to protect our community. Tell us if you think we made a mistake.", "feedback_url": "repute/report_problem/instagram_comment/", "feedback_appeal_label": "Report problem", "feedback_ignore_label": "OK", "feedback_action": "report_problem", "status": "fail"})
Commenting : 2392104732046196140 - Wait : 52
Error : Comment media deleted 2392104732046196140  feedback_required (Code: 400, Response: {"message": "feedback_required", "comment_error_key": "comment_si_blocked", "spam": true, "feedback_title": "Try Again Later", "feedback_message": "We limit how often you can do certain things on Instagram, like commenting, to protect our community. Tell us if you think we made a mistake.", "feedback_url": "repute/report_problem/instagram_comment/", "feedback_appeal_label": "Report problem", "feedback_ignore_label": "OK", "feedback_action": "report_problem", "status": "fail"})
Liking : 2383691509687786700 - Wait : 52
Following : basitbalachrind_aysha - Wait : 37
Commenting : 2389067288828312065 - Wait : 63
Error : Comment media deleted 2389067288828312065  feedback_required (Code: 400, Response: {"message": "feedback_required", "comment_error_key": "comment_si_blocked", "spam": true, "feedback_title": "Try Again Later", "feedback_message": "We limit how often you can do certain things on Instagram, like commenting, to protect our community. Tell us if you think we made a mistake.", "feedback_url": "repute/report_problem/instagram_comment/", "feedback_appeal_label": "Report problem", "feedback_ignore_label": "OK", "feedback_action": "report_problem", "status": "fail"})
Commenting : 2391509174188495212 - Wait : 58
Error : Comment media deleted 2391509174188495212  feedback_required (Code: 400, Response: {"message": "feedback_required", "comment_error_key": "comment_si_blocked", "spam": true, "feedback_title": "Try Again Later", "feedback_message": "We limit how often you can do certain things on Instagram, like commenting, to protect our community. Tell us if you think we made a mistake.", "feedback_url": "repute/report_problem/instagram_comment/", "feedback_appeal_label": "Report problem", "feedback_ignore_label": "OK", "feedback_action": "report_problem", "status": "fail"})
Following : uzmy_1924 - Wait : 49
Commenting : 2391352741707719300 - Wait : 56
Error : Comment media deleted 2391352741707719300  feedback_required (Code: 400, Response: {"message": "feedback_required", "comment_error_key": "comment_si_blocked", "spam": true, "feedback_title": "Try Again Later", "feedback_message": "We limit how often you can do certain things on Instagram, like commenting, to protect our community. Tell us if you think we made a mistake.", "feedback_url": "repute/report_problem/instagram_comment/", "feedback_appeal_label": "Report problem", "feedback_ignore_label": "OK", "feedback_action": "report_problem", "status": "fail"})
Commenting : 2391508192101092309 - Wait : 44
Error : Comment media deleted 2391508192101092309  feedback_required (Code: 400, Response: {"message": "feedback_required", "comment_error_key": "comment_si_blocked", "spam": true, "feedback_title": "Try Again Later", "feedback_message": "We limit how often you can do certain things on Instagram, like commenting, to protect our community. Tell us if you think we made a mistake.", "feedback_url": "repute/report_problem/instagram_comment/", "feedback_appeal_label": "Report problem", "feedback_ignore_label": "OK", "feedback_action": "report_problem", "status": "fail"})
Liking : 2392160096068445699 - Wait : 35
Liking : 2391715549564718715 - Wait : 59
Error : Mute  2392190505720059009  Bad Request: You can't mute users you are not following. (Code: 400, Response: {"message": "You can't mute users you are not following.", "status": "fail"})
Following : fashionstyle_blog2 - Wait : 42
Following : nismakhan6 - Wait : 46
Liking : 1509314135065503200 - Wait : 51
Commenting : 2388856466330424457 - Wait : 42
Error : Comment media deleted 2388856466330424457  feedback_required (Code: 400, Response: {"message": "feedback_required", "comment_error_key": "comment_si_blocked", "spam": true, "feedback_title": "Try Again Later", "feedback_message": "We limit how often you can do certain things on Instagram, like commenting, to protect our community. Tell us if you think we made a mistake.", "feedback_url": "repute/report_problem/instagram_comment/", "feedback_appeal_label": "Report problem", "feedback_ignore_label": "OK", "feedback_action": "report_problem", "status": "fail"})
Commenting : 2392182319051240277 - Wait : 45
Error : Comment media deleted 2392182319051240277  feedback_required (Code: 400, Response: {"message": "feedback_required", "comment_error_key": "comment_si_blocked", "spam": true, "feedback_title": "Try Again Later", "feedback_message": "We limit how often you can do certain things on Instagram, like commenting, to protect our community. Tell us if you think we made a mistake.", "feedback_url": "repute/report_problem/instagram_comment/", "feedback_appeal_label": "Report problem", "feedback_ignore_label": "OK", "feedback_action": "report_problem", "status": "fail"})
Story View : kirradejong - Wait : 62
Commenting : 2342312127185891672 - Wait : 39
Error : Comment media deleted 2342312127185891672  feedback_required (Code: 400, Response: {"message": "feedback_required", "comment_error_key": "comment_si_blocked", "spam": true, "feedback_title": "Try Again Later", "feedback_message": "We limit how often you can do certain things on Instagram, like commenting, to protect our community. Tell us if you think we made a mistake.", "feedback_url": "repute/report_problem/instagram_comment/", "feedback_appeal_label": "Report problem", "feedback_ignore_label": "OK", "feedback_action": "report_problem", "status": "fail"})
Following : rayyan_khan18 - Wait : 56
Following : _churailchurail - Wait : 43
Commenting : 2392145514302246995 - Wait : 56
Error : Comment media deleted 2392145514302246995  feedback_required (Code: 400, Response: {"message": "feedback_required", "comment_error_key": "comment_si_blocked", "spam": true, "feedback_title": "Try Again Later", "feedback_message": "We limit how often you can do certain things on Instagram, like commenting, to protect our community. Tell us if you think we made a mistake.", "feedback_url": "repute/report_problem/instagram_comment/", "feedback_appeal_label": "Report problem", "feedback_ignore_label": "OK", "feedback_action": "report_problem", "status": "fail"})
Commenting : 2389354836811531210 - Wait : 38
Error : Comment media deleted 2389354836811531210  feedback_required (Code: 400, Response: {"message": "feedback_required", "comment_error_key": "comment_si_blocked", "spam": true, "feedback_title": "Try Again Later", "feedback_message": "We limit how often you can do certain things on Instagram, like commenting, to protect our community. Tell us if you think we made a mistake.", "feedback_url": "repute/report_problem/instagram_comment/", "feedback_appeal_label": "Report problem", "feedback_ignore_label": "OK", "feedback_action": "report_problem", "status": "fail"})
Following : yousafsanayousaf - Wait : 55
Liking : 2392129878389902575 - Wait : 39
Following : zarifbysarah - Wait : 64
Commenting : 2392182319051240277 - Wait : 36
Error : Comment media deleted 2392182319051240277  feedback_required (Code: 400, Response: {"message": "feedback_required", "comment_error_key": "comment_si_blocked", "spam": true, "feedback_title": "Try Again Later", "feedback_message": "We limit how often you can do certain things on Instagram, like commenting, to protect our community. Tell us if you think we made a mistake.", "feedback_url": "repute/report_problem/instagram_comment/", "feedback_appeal_label": "Report problem", "feedback_ignore_label": "OK", "feedback_action": "report_problem", "status": "fail"})
Commenting : 2387400102530939939 - Wait : 63
Error : Comment media deleted 2387400102530939939  feedback_required (Code: 400, Response: {"message": "feedback_required", "comment_error_key": "comment_si_blocked", "spam": true, "feedback_title": "Try Again Later", "feedback_message": "We limit how often you can do certain things on Instagram, like commenting, to protect our community. Tell us if you think we made a mistake.", "feedback_url": "repute/report_problem/instagram_comment/", "feedback_appeal_label": "Report problem", "feedback_ignore_label": "OK", "feedback_action": "report_problem", "status": "fail"})
Liking : 1452959669307805644 - Wait : 42
Following : accessorizewithayzel - Wait : 60
Following : ashkay_blogs - Wait : 52
Commenting : 2392240332652497580 - Wait : 56
Error : Comment media deleted 2392240332652497580  feedback_required (Code: 400, Response: {"message": "feedback_required", "comment_error_key": "comment_si_blocked", "spam": true, "feedback_title": "Try Again Later", "feedback_message": "We limit how often you can do certain things on Instagram, like commenting, to protect our community. Tell us if you think we made a mistake.", "feedback_url": "repute/report_problem/instagram_comment/", "feedback_appeal_label": "Report problem", "feedback_ignore_label": "OK", "feedback_action": "report_problem", "status": "fail"})
Commenting : 2382053123933247338 - Wait : 44
Error : Comment media deleted 2382053123933247338  feedback_required (Code: 400, Response: {"message": "feedback_required", "comment_error_key": "comment_si_blocked", "spam": true, "feedback_title": "Try Again Later", "feedback_message": "We limit how often you can do certain things on Instagram, like commenting, to protect our community. Tell us if you think we made a mistake.", "feedback_url": "repute/report_problem/instagram_comment/", "feedback_appeal_label": "Report problem", "feedback_ignore_label": "OK", "feedback_action": "report_problem", "status": "fail"})
Liking : 2391725058521665925 - Wait : 42
Commenting : 2390921505366207849 - Wait : 64
Error : Comment media deleted 2390921505366207849  feedback_required (Code: 400, Response: {"message": "feedback_required", "comment_error_key": "comment_si_blocked", "spam": true, "feedback_title": "Try Again Later", "feedback_message": "We limit how often you can do certain things on Instagram, like commenting, to protect our community. Tell us if you think we made a mistake.", "feedback_url": "repute/report_problem/instagram_comment/", "feedback_appeal_label": "Report problem", "feedback_ignore_label": "OK", "feedback_action": "report_problem", "status": "fail"})
Following : faiza.khan30 - Wait : 47
Following : toomban_creation - Wait : 62
Commenting : 2390267721147694696 - Wait : 39
Error : Comment media deleted 2390267721147694696  feedback_required (Code: 400, Response: {"message": "feedback_required", "comment_error_key": "comment_si_blocked", "spam": true, "feedback_title": "Try Again Later", "feedback_message": "We limit how often you can do certain things on Instagram, like commenting, to protect our community. Tell us if you think we made a mistake.", "feedback_url": "repute/report_problem/instagram_comment/", "feedback_appeal_label": "Report problem", "feedback_ignore_label": "OK", "feedback_action": "report_problem", "status": "fail"})
Following : broken_feeling22 - Wait : 63
Commenting : 2391355644676745561 - Wait : 44
Error : Comment media deleted 2391355644676745561  feedback_required (Code: 400, Response: {"message": "feedback_required", "comment_error_key": "comment_si_blocked", "spam": true, "feedback_title": "Try Again Later", "feedback_message": "We limit how often you can do certain things on Instagram, like commenting, to protect our community. Tell us if you think we made a mistake.", "feedback_url": "repute/report_problem/instagram_comment/", "feedback_appeal_label": "Report problem", "feedback_ignore_label": "OK", "feedback_action": "report_problem", "status": "fail"})
Following : avantikadesignerstudio - Wait : 42
Liking : 2391490265277182898 - Wait : 38
Story View : i_loveemily_ - Wait : 62
Following : cadilabeigum - Wait : 37
Commenting : 2392086937197817551 - Wait : 36
Error : Comment media deleted 2392086937197817551  feedback_required (Code: 400, Response: {"message": "feedback_required", "comment_error_key": "comment_si_blocked", "spam": true, "feedback_title": "Try Again Later", "feedback_message": "We limit how often you can do certain things on Instagram, like commenting, to protect our community. Tell us if you think we made a mistake.", "feedback_url": "repute/report_problem/instagram_comment/", "feedback_appeal_label": "Report problem", "feedback_ignore_label": "OK", "feedback_action": "report_problem", "status": "fail"})
Story View : oak.stitches - Wait : 57
Commenting : 2377186117174048509 - Wait : 38
Error : Comment media deleted 2377186117174048509  feedback_required (Code: 400, Response: {"message": "feedback_required", "comment_error_key": "comment_si_blocked", "spam": true, "feedback_title": "Try Again Later", "feedback_message": "We limit how often you can do certain things on Instagram, like commenting, to protect our community. Tell us if you think we made a mistake.", "feedback_url": "repute/report_problem/instagram_comment/", "feedback_appeal_label": "Report problem", "feedback_ignore_label": "OK", "feedback_action": "report_problem", "status": "fail"})
Story View : shayanatherphotography - Wait : 37
Following : annie.usman.54 - Wait : 56
Commenting : 2392060350485946795 - Wait : 60
Error : Comment media deleted 2392060350485946795  feedback_required (Code: 400, Response: {"message": "feedback_required", "comment_error_key": "comment_si_blocked", "spam": true, "feedback_title": "Try Again Later", "feedback_message": "We limit how often you can do certain things on Instagram, like commenting, to protect our community. Tell us if you think we made a mistake.", "feedback_url": "repute/report_problem/instagram_comment/", "feedback_appeal_label": "Report problem", "feedback_ignore_label": "OK", "feedback_action": "report_problem", "status": "fail"})
Commenting : 2392233719157381104 - Wait : 56
Error : Comment media deleted 2392233719157381104  feedback_required (Code: 400, Response: {"message": "feedback_required", "comment_error_key": "comment_si_blocked", "spam": true, "feedback_title": "Try Again Later", "feedback_message": "We limit how often you can do certain things on Instagram, like commenting, to protect our community. Tell us if you think we made a mistake.", "feedback_url": "repute/report_problem/instagram_comment/", "feedback_appeal_label": "Report problem", "feedback_ignore_label": "OK", "feedback_action": "report_problem", "status": "fail"})
Commenting : 2391262468036110756 - Wait : 43
Error : Comment media deleted 2391262468036110756  feedback_required (Code: 400, Response: {"message": "feedback_required", "comment_error_key": "comment_si_blocked", "spam": true, "feedback_title": "Try Again Later", "feedback_message": "We limit how often you can do certain things on Instagram, like commenting, to protect our community. Tell us if you think we made a mistake.", "feedback_url": "repute/report_problem/instagram_comment/", "feedback_appeal_label": "Report problem", "feedback_ignore_label": "OK", "feedback_action": "report_problem", "status": "fail"})
Liking : 2392092217937143226 - Wait : 38
Liking : 2391804150588703950 - Wait : 47
Commenting : 2389369896754934748 - Wait : 50
Error : Comment media deleted 2389369896754934748  feedback_required (Code: 400, Response: {"message": "feedback_required", "comment_error_key": "comment_si_blocked", "spam": true, "feedback_title": "Try Again Later", "feedback_message": "We limit how often you can do certain things on Instagram, like commenting, to protect our community. Tell us if you think we made a mistake.", "feedback_url": "repute/report_problem/instagram_comment/", "feedback_appeal_label": "Report problem", "feedback_ignore_label": "OK", "feedback_action": "report_problem", "status": "fail"})
Liking : 280645804 - Wait : 47
Commenting : 2102162037995015481 - Wait : 37
Error : Comment media deleted 2102162037995015481  feedback_required (Code: 400, Response: {"message": "feedback_required", "comment_error_key": "comment_si_blocked", "spam": true, "feedback_title": "Try Again Later", "feedback_message": "We limit how often you can do certain things on Instagram, like commenting, to protect our community. Tell us if you think we made a mistake.", "feedback_url": "repute/report_problem/instagram_comment/", "feedback_appeal_label": "Report problem", "feedback_ignore_label": "OK", "feedback_action": "report_problem", "status": "fail"})
Commenting : 2392066495083774174 - Wait : 52
Error : Comment media deleted 2392066495083774174  feedback_required (Code: 400, Response: {"message": "feedback_required", "comment_error_key": "comment_si_blocked", "spam": true, "feedback_title": "Try Again Later", "feedback_message": "We limit how often you can do certain things on Instagram, like commenting, to protect our community. Tell us if you think we made a mistake.", "feedback_url": "repute/report_problem/instagram_comment/", "feedback_appeal_label": "Report problem", "feedback_ignore_label": "OK", "feedback_action": "report_problem", "status": "fail"})
Following : oriflame_cosmetics_brand_3695 - Wait : 52
Story View : shara.gallery - Wait : 47
Commenting : 2391511775235546378 - Wait : 54
Error : Comment media deleted 2391511775235546378  feedback_required (Code: 400, Response: {"message": "feedback_required", "comment_error_key": "comment_si_blocked", "spam": true, "feedback_title": "Try Again Later", "feedback_message": "We limit how often you can do certain things on Instagram, like commenting, to protect our community. Tell us if you think we made a mistake.", "feedback_url": "repute/report_problem/instagram_comment/", "feedback_appeal_label": "Report problem", "feedback_ignore_label": "OK", "feedback_action": "report_problem", "status": "fail"})
Following : by_artistttt - Wait : 42
Commenting : 2391753707202173739 - Wait : 43
Error : Comment media deleted 2391753707202173739  feedback_required (Code: 400, Response: {"message": "feedback_required", "comment_error_key": "comment_si_blocked", "spam": true, "feedback_title": "Try Again Later", "feedback_message": "We limit how often you can do certain things on Instagram, like commenting, to protect our community. Tell us if you think we made a mistake.", "feedback_url": "repute/report_problem/instagram_comment/", "feedback_appeal_label": "Report problem", "feedback_ignore_label": "OK", "feedback_action": "report_problem", "status": "fail"})
Following : __ellizeh - Wait : 52
Commenting : 2388071448071069148 - Wait : 60
Error : Comment media deleted 2388071448071069148  feedback_required (Code: 400, Response: {"message": "feedback_required", "comment_error_key": "comment_si_blocked", "spam": true, "feedback_title": "Try Again Later", "feedback_message": "We limit how often you can do certain things on Instagram, like commenting, to protect our community. Tell us if you think we made a mistake.", "feedback_url": "repute/report_problem/instagram_comment/", "feedback_appeal_label": "Report problem", "feedback_ignore_label": "OK", "feedback_action": "report_problem", "status": "fail"})
Commenting : 2392132257231397131 - Wait : 63
Error : Comment media deleted 2392132257231397131  feedback_required (Code: 400, Response: {"message": "feedback_required", "comment_error_key": "comment_si_blocked", "spam": true, "feedback_title": "Try Again Later", "feedback_message": "We limit how often you can do certain things on Instagram, like commenting, to protect our community. Tell us if you think we made a mistake.", "feedback_url": "repute/report_problem/instagram_comment/", "feedback_appeal_label": "Report problem", "feedback_ignore_label": "OK", "feedback_action": "report_problem", "status": "fail"})
Following : jewellryaccessories - Wait : 40
Following : shape_shoe - Wait : 61
Commenting : 2372265552013198883 - Wait : 48
Error : Comment media deleted 2372265552013198883  feedback_required (Code: 400, Response: {"message": "feedback_required", "comment_error_key": "comment_si_blocked", "spam": true, "feedback_title": "Try Again Later", "feedback_message": "We limit how often you can do certain things on Instagram, like commenting, to protect our community. Tell us if you think we made a mistake.", "feedback_url": "repute/report_problem/instagram_comment/", "feedback_appeal_label": "Report problem", "feedback_ignore_label": "OK", "feedback_action": "report_problem", "status": "fail"})
Following : fabulous.jewelry239 - Wait : 61
Following : majidhussain4190 - Wait : 55